Archive member included to satisfy reference by file (symbol)

C:/ST/STM32CubeIDE_1.19.0/STM32CubeIDE/plugins/com.st.stm32cube.ide.mcu.externaltools.gnu-tools-for-stm32.13.3.rel1.win32_1.0.0.202411081344/tools/bin/../lib/gcc/arm-none-eabi/13.3.1/../../../../arm-none-eabi/lib/thumb/v7e-m+fp/hard\libc_nano.a(libc_a-exit.o)
                              C:/ST/STM32CubeIDE_1.19.0/STM32CubeIDE/plugins/com.st.stm32cube.ide.mcu.externaltools.gnu-tools-for-stm32.13.3.rel1.win32_1.0.0.202411081344/tools/bin/../lib/gcc/arm-none-eabi/13.3.1/../../../../arm-none-eabi/lib/thumb/v7e-m+fp/hard/crt0.o (exit)
C:/ST/STM32CubeIDE_1.19.0/STM32CubeIDE/plugins/com.st.stm32cube.ide.mcu.externaltools.gnu-tools-for-stm32.13.3.rel1.win32_1.0.0.202411081344/tools/bin/../lib/gcc/arm-none-eabi/13.3.1/../../../../arm-none-eabi/lib/thumb/v7e-m+fp/hard\libc_nano.a(libc_a-findfp.o)
                              C:/ST/STM32CubeIDE_1.19.0/STM32CubeIDE/plugins/com.st.stm32cube.ide.mcu.externaltools.gnu-tools-for-stm32.13.3.rel1.win32_1.0.0.202411081344/tools/bin/../lib/gcc/arm-none-eabi/13.3.1/../../../../arm-none-eabi/lib/thumb/v7e-m+fp/hard\libc_nano.a(libc_a-exit.o) (__stdio_exit_handler)
C:/ST/STM32CubeIDE_1.19.0/STM32CubeIDE/plugins/com.st.stm32cube.ide.mcu.externaltools.gnu-tools-for-stm32.13.3.rel1.win32_1.0.0.202411081344/tools/bin/../lib/gcc/arm-none-eabi/13.3.1/../../../../arm-none-eabi/lib/thumb/v7e-m+fp/hard\libc_nano.a(libc_a-fwalk.o)
                              C:/ST/STM32CubeIDE_1.19.0/STM32CubeIDE/plugins/com.st.stm32cube.ide.mcu.externaltools.gnu-tools-for-stm32.13.3.rel1.win32_1.0.0.202411081344/tools/bin/../lib/gcc/arm-none-eabi/13.3.1/../../../../arm-none-eabi/lib/thumb/v7e-m+fp/hard\libc_nano.a(libc_a-findfp.o) (_fwalk_sglue)
C:/ST/STM32CubeIDE_1.19.0/STM32CubeIDE/plugins/com.st.stm32cube.ide.mcu.externaltools.gnu-tools-for-stm32.13.3.rel1.win32_1.0.0.202411081344/tools/bin/../lib/gcc/arm-none-eabi/13.3.1/../../../../arm-none-eabi/lib/thumb/v7e-m+fp/hard\libc_nano.a(libc_a-stdio.o)
                              C:/ST/STM32CubeIDE_1.19.0/STM32CubeIDE/plugins/com.st.stm32cube.ide.mcu.externaltools.gnu-tools-for-stm32.13.3.rel1.win32_1.0.0.202411081344/tools/bin/../lib/gcc/arm-none-eabi/13.3.1/../../../../arm-none-eabi/lib/thumb/v7e-m+fp/hard\libc_nano.a(libc_a-findfp.o) (__sread)
C:/ST/STM32CubeIDE_1.19.0/STM32CubeIDE/plugins/com.st.stm32cube.ide.mcu.externaltools.gnu-tools-for-stm32.13.3.rel1.win32_1.0.0.202411081344/tools/bin/../lib/gcc/arm-none-eabi/13.3.1/../../../../arm-none-eabi/lib/thumb/v7e-m+fp/hard\libc_nano.a(libc_a-memset.o)
                              C:/ST/STM32CubeIDE_1.19.0/STM32CubeIDE/plugins/com.st.stm32cube.ide.mcu.externaltools.gnu-tools-for-stm32.13.3.rel1.win32_1.0.0.202411081344/tools/bin/../lib/gcc/arm-none-eabi/13.3.1/../../../../arm-none-eabi/lib/thumb/v7e-m+fp/hard/crt0.o (memset)
C:/ST/STM32CubeIDE_1.19.0/STM32CubeIDE/plugins/com.st.stm32cube.ide.mcu.externaltools.gnu-tools-for-stm32.13.3.rel1.win32_1.0.0.202411081344/tools/bin/../lib/gcc/arm-none-eabi/13.3.1/../../../../arm-none-eabi/lib/thumb/v7e-m+fp/hard\libc_nano.a(libc_a-closer.o)
                              C:/ST/STM32CubeIDE_1.19.0/STM32CubeIDE/plugins/com.st.stm32cube.ide.mcu.externaltools.gnu-tools-for-stm32.13.3.rel1.win32_1.0.0.202411081344/tools/bin/../lib/gcc/arm-none-eabi/13.3.1/../../../../arm-none-eabi/lib/thumb/v7e-m+fp/hard\libc_nano.a(libc_a-stdio.o) (_close_r)
C:/ST/STM32CubeIDE_1.19.0/STM32CubeIDE/plugins/com.st.stm32cube.ide.mcu.externaltools.gnu-tools-for-stm32.13.3.rel1.win32_1.0.0.202411081344/tools/bin/../lib/gcc/arm-none-eabi/13.3.1/../../../../arm-none-eabi/lib/thumb/v7e-m+fp/hard\libc_nano.a(libc_a-reent.o)
                              C:/ST/STM32CubeIDE_1.19.0/STM32CubeIDE/plugins/com.st.stm32cube.ide.mcu.externaltools.gnu-tools-for-stm32.13.3.rel1.win32_1.0.0.202411081344/tools/bin/../lib/gcc/arm-none-eabi/13.3.1/../../../../arm-none-eabi/lib/thumb/v7e-m+fp/hard\libc_nano.a(libc_a-closer.o) (errno)
C:/ST/STM32CubeIDE_1.19.0/STM32CubeIDE/plugins/com.st.stm32cube.ide.mcu.externaltools.gnu-tools-for-stm32.13.3.rel1.win32_1.0.0.202411081344/tools/bin/../lib/gcc/arm-none-eabi/13.3.1/../../../../arm-none-eabi/lib/thumb/v7e-m+fp/hard\libc_nano.a(libc_a-impure.o)
                              C:/ST/STM32CubeIDE_1.19.0/STM32CubeIDE/plugins/com.st.stm32cube.ide.mcu.externaltools.gnu-tools-for-stm32.13.3.rel1.win32_1.0.0.202411081344/tools/bin/../lib/gcc/arm-none-eabi/13.3.1/../../../../arm-none-eabi/lib/thumb/v7e-m+fp/hard\libc_nano.a(libc_a-reent.o) (_impure_ptr)
C:/ST/STM32CubeIDE_1.19.0/STM32CubeIDE/plugins/com.st.stm32cube.ide.mcu.externaltools.gnu-tools-for-stm32.13.3.rel1.win32_1.0.0.202411081344/tools/bin/../lib/gcc/arm-none-eabi/13.3.1/../../../../arm-none-eabi/lib/thumb/v7e-m+fp/hard\libc_nano.a(libc_a-lseekr.o)
[...]
Memory Configuration

Name             Origin             Length             Attributes
RAM              0x20000000         0x00018000         xrw
RAM2             0x10000000         0x00008000         xrw
FLASH            0x08000000         0x00100000         xr
*default*        0x00000000         0xffffffff

Linker script and memory map

LOAD C:/ST/STM32CubeIDE_1.19.0/STM32CubeIDE/plugins/com.st.stm32cube.ide.mcu.externaltools.gnu-tools-for-stm32.13.3.rel1.win32_1.0.0.202411081344/tools/bin/../lib/gcc/arm-none-eabi/13.3.1/thumb/v7e-m+fp/hard/crti.o
LOAD C:/ST/STM32CubeIDE_1.19.0/STM32CubeIDE/plugins/com.st.stm32cube.ide.mcu.externaltools.gnu-tools-for-stm32.13.3.rel1.win32_1.0.0.202411081344/tools/bin/../lib/gcc/arm-none-eabi/13.3.1/thumb/v7e-m+fp/hard/crtbegin.o
LOAD C:/ST/STM32CubeIDE_1.19.0/STM32CubeIDE/plugins/com.st.stm32cube.ide.mcu.externaltools.gnu-tools-for-stm32.13.3.rel1.win32_1.0.0.202411081344/tools/bin/../lib/gcc/arm-none-eabi/13.3.1/../../../../arm-none-eabi/lib/thumb/v7e-m+fp/hard/crt0.o
LOAD ./Core/Src/GPIOinputs.o
LOAD ./Core/Src/SPIhandler.o
LOAD ./Core/Src/TimeAndDelays.o
LOAD ./Core/Src/main.o
LOAD ./Core/Src/statemachine.o
LOAD ./Core/Src/statemachine2.o
LOAD ./Core/Src/stm32l4xx_hal_msp.o
LOAD ./Core/Src/stm32l4xx_it.o
LOAD ./Core/Src/syscalls.o
LOAD ./Core/Src/sysmem.o
LOAD ./Core/Src/system_stm32l4xx.o
LOAD ./Core/Src/test.o
LOAD ./Core/Startup/startup_stm32l476rgtx.o
LOAD ./Drivers/STM32L4xx_HAL_Driver/Src/stm32l4xx_hal.o
LOAD ./Drivers/STM32L4xx_HAL_Driver/Src/stm32l4xx_hal_cortex.o
LOAD ./Drivers/STM32L4xx_HAL_Driver/Src/stm32l4xx_hal_dma.o
LOAD ./Drivers/STM32L4xx_HAL_Driver/Src/stm32l4xx_hal_dma_ex.o
LOAD ./Drivers/STM32L4xx_HAL_Driver/Src/stm32l4xx_hal_exti.o
LOAD ./Drivers/STM32L4xx_HAL_Driver/Src/stm32l4xx_hal_flash.o
LOAD ./Drivers/STM32L4xx_HAL_Driver/Src/stm32l4xx_hal_flash_ex.o
LOAD ./Drivers/STM32L4xx_HAL_Driver/Src/stm32l4xx_hal_flash_ramfunc.o
LOAD ./Drivers/STM32L4xx_HAL_Driver/Src/stm32l4xx_hal_gpio.o
LOAD ./Drivers/STM32L4xx_HAL_Driver/Src/stm32l4xx_hal_i2c.o
LOAD ./Drivers/STM32L4xx_HAL_Driver/Src/stm32l4xx_hal_i2c_ex.o
LOAD ./Drivers/STM32L4xx_HAL_Driver/Src/stm32l4xx_hal_pwr.o
LOAD ./Drivers/STM32L4xx_HAL_Driver/Src/stm32l4xx_hal_pwr_ex.o
LOAD ./Drivers/STM32L4xx_HAL_Driver/Src/stm32l4xx_hal_rcc.o
LOAD ./Drivers/STM32L4xx_HAL_Driver/Src/stm32l4xx_hal_rcc_ex.o
LOAD ./Drivers/STM32L4xx_HAL_Driver/Src/stm32l4xx_hal_spi.o
LOAD ./Drivers/STM32L4xx_HAL_Driver/Src/stm32l4xx_hal_spi_ex.o
LOAD ./Drivers/STM32L4xx_HAL_Driver/Src/stm32l4xx_hal_uart.o
LOAD ./Drivers/STM32L4xx_HAL_Driver/Src/stm32l4xx_hal_uart_ex.o
START GROUP
LOAD C:/ST/STM32CubeIDE_1.19.0/STM32CubeIDE/plugins/com.st.stm32cube.ide.mcu.externaltools.gnu-tools-for-stm32.13.3.rel1.win32_1.0.0.202411081344/tools/bin/../lib/gcc/arm-none-eabi/13.3.1/../../../../arm-none-eabi/lib/thumb/v7e-m+fp/hard\libc_nano.a
LOAD C:/ST/STM32CubeIDE_1.19.0/STM32CubeIDE/plugins/com.st.stm32cube.ide.mcu.externaltools.gnu-tools-for-stm32.13.3.rel1.win32_1.0.0.202411081344/tools/bin/../lib/gcc/arm-none-eabi/13.3.1/../../../../arm-none-eabi/lib/thumb/v7e-m+fp/hard\libm.a
END GROUP
START GROUP
LOAD C:/ST/STM32CubeIDE_1.19.0/STM32CubeIDE/plugins/com.st.stm32cube.ide.mcu.externaltools.gnu-tools-for-stm32.13.3.rel1.win32_1.0.0.202411081344/tools/bin/../lib/gcc/arm-none-eabi/13.3.1/thumb/v7e-m+fp/hard\libgcc.a
LOAD C:/ST/STM32CubeIDE_1.19.0/STM32CubeIDE/plugins/com.st.stm32cube.ide.mcu.externaltools.gnu-tools-for-stm32.13.3.rel1.win32_1.0.0.202411081344/tools/bin/../lib/gcc/arm-none-eabi/13.3.1/../../../../arm-none-eabi/lib/thumb/v7e-m+fp/hard\libc_nano.a
END GROUP
START GROUP
LOAD C:/ST/STM32CubeIDE_1.19.0/STM32CubeIDE/plugins/com.st.stm32cube.ide.mcu.externaltools.gnu-tools-for-stm32.13.3.rel1.win32_1.0.0.202411081344/tools/bin/../lib/gcc/arm-none-eabi/13.3.1/thumb/v7e-m+fp/hard\libgcc.a
LOAD C:/ST/STM32CubeIDE_1.19.0/STM32CubeIDE/plugins/com.st.stm32cube.ide.mcu.externaltools.gnu-tools-for-stm32.13.3.rel1.win32_1.0.0.202411081344/tools/bin/../lib/gcc/arm-none-eabi/13.3.1/../../../../arm-none-eabi/lib/thumb/v7e-m+fp/hard\libc_nano.a
LOAD C:/ST/STM32CubeIDE_1.19.0/STM32CubeIDE/plugins/com.st.stm32cube.ide.mcu.externaltools.gnu-tools-for-stm32.13.3.rel1.win32_1.0.0.202411081344/tools/bin/../lib/gcc/arm-none-eabi/13.3.1/../../../../arm-none-eabi/lib/thumb/v7e-m+fp/hard\libnosys.a
END GROUP
START GROUP
LOAD C:/ST/STM32CubeIDE_1.19.0/STM32CubeIDE/plugins/com.st.stm32cube.ide.mcu.externaltools.gnu-tools-for-stm32.13.3.rel1.win32_1.0.0.202411081344/tools/bin/../lib/gcc/arm-none-eabi/13.3.1/thumb/v7e-m+fp/hard\libgcc.a
LOAD C:/ST/STM32CubeIDE_1.19.0/STM32CubeIDE/plugins/com.st.stm32cube.ide.mcu.externaltools.gnu-tools-for-stm32.13.3.rel1.win32_1.0.0.202411081344/tools/bin/../lib/gcc/arm-none-eabi/13.3.1/../../../../arm-none-eabi/lib/thumb/v7e-m+fp/hard\libc_nano.a
LOAD C:/ST/STM32CubeIDE_1.19.0/STM32CubeIDE/plugins/com.st.stm32cube.ide.mcu.externaltools.gnu-tools-for-stm32.13.3.rel1.win32_1.0.0.202411081344/tools/bin/../lib/gcc/arm-none-eabi/13.3.1/../../../../arm-none-eabi/lib/thumb/v7e-m+fp/hard\libnosys.a
END GROUP
LOAD C:/ST/STM32CubeIDE_1.19.0/STM32CubeIDE/plugins/com.st.stm32cube.ide.mcu.externaltools.gnu-tools-for-stm32.13.3.rel1.win32_1.0.0.202411081344/tools/bin/../lib/gcc/arm-none-eabi/13.3.1/thumb/v7e-m+fp/hard/crtend.o
LOAD C:/ST/STM32CubeIDE_1.19.0/STM32CubeIDE/plugins/com.st.stm32cube.ide.mcu.externaltools.gnu-tools-for-stm32.13.3.rel1.win32_1.0.0.202411081344/tools/bin/../lib/gcc/arm-none-eabi/13.3.1/thumb/v7e-m+fp/hard/crtn.o
                0x20018000                        _estack = (ORIGIN (RAM) + LENGTH (RAM))
                0x00000200                        _Min_Heap_Size = 0x200
                0x00000400                        _Min_Stack_Size = 0x400

.isr_vector     0x08000000      0x188
                0x08000000                        . = ALIGN (0x4)
 *(.isr_vector)
 .isr_vector    0x08000000      0x188 ./Core/Startup/startup_stm32l476rgtx.o
                0x08000000                g_pfnVectors
                0x08000188                        . = ALIGN (0x4)

.text           0x08000188     0x3b6c
                0x08000188                        . = ALIGN (0x4)
 *(.text)
 .text          0x08000188       0x40 C:/ST/STM32CubeIDE_1.19.0/STM32CubeIDE/plugins/com.st.stm32cube.ide.mcu.externaltools.gnu-tools-for-stm32.13.3.rel1.win32_1.0.0.202411081344/tools/bin/../lib/gcc/arm-none-eabi/13.3.1/thumb/v7e-m+fp/hard/crtbegin.o
 .text          0x080001c8       0x30 C:/ST/STM32CubeIDE_1.19.0/STM32CubeIDE/plugins/com.st.stm32cube.ide.mcu.externaltools.gnu-tools-for-stm32.13.3.rel1.win32_1.0.0.202411081344/tools/bin/../lib/gcc/arm-none-eabi/13.3.1/thumb/v7e-m+fp/hard\libgcc.a(_aeabi_uldivmod.o)
                0x080001c8                __aeabi_uldivmod
 .text          0x080001f8      0x2f8 C:/ST/STM32CubeIDE_1.19.0/STM32CubeIDE/plugins/com.st.stm32cube.ide.mcu.externaltools.gnu-tools-for-stm32.13.3.rel1.win32_1.0.0.202411081344/tools/bin/../lib/gcc/arm-none-eabi/13.3.1/thumb/v7e-m+fp/hard\libgcc.a(_udivmoddi4.o)
                0x080001f8                __udivmoddi4
 .text          0x080004f0        0x4 C:/ST/STM32CubeIDE_1.19.0/STM32CubeIDE/plugins/com.st.stm32cube.ide.mcu.externaltools.gnu-tools-for-stm32.13.3.rel1.win32_1.0.0.202411081344/tools/bin/../lib/gcc/arm-none-eabi/13.3.1/thumb/v7e-m+fp/hard\libgcc.a(_dvmd_tls.o)
                0x080004f0                __aeabi_idiv0
                0x080004f0                __aeabi_ldiv0
 *(.text*)
 .text.HAL_GPIO_EXTI_Callback
                0x080004f4      0x11c ./Core/Src/GPIOinputs.o
                0x080004f4                HAL_GPIO_EXTI_Callback
 .text.Car_Starting_positions
                0x08000610       0x26 ./Core/Src/GPIOinputs.o
                0x08000610                Car_Starting_positions
 *fill*         0x08000636        0x2 
 .text.SPIinit  0x08000638       0x34 ./Core/Src/SPIhandler.o
                0x08000638                SPIinit
 .text.SPIshow_state
                0x0800066c       0x3c ./Core/Src/SPIhandler.o
                0x0800066c                SPIshow_state
 .text.main     0x080006a8       0x28 ./Core/Src/main.o
                0x080006a8                main
 .text.SystemClock_Config
                0x080006d0       0xa2 ./Core/Src/main.o
                0x080006d0                SystemClock_Config
 *fill*         0x08000772        0x2 
 .text.MX_SPI3_Init
                0x08000774       0x7c ./Core/Src/main.o
 .text.MX_USART2_UART_Init
                0x080007f0       0x60 ./Core/Src/main.o
 .text.MX_GPIO_Init
                0x08000850      0x1c4 ./Core/Src/main.o
 .text.Error_Handler
                0x08000a14        0xc ./Core/Src/main.o
                0x08000a14                Error_Handler
 .text.HAL_MspInit
                0x08000a20       0x48 ./Core/Src/stm32l4xx_hal_msp.o
                0x08000a20                HAL_MspInit
 .text.HAL_SPI_MspInit
                0x08000a68       0xc4 ./Core/Src/stm32l4xx_hal_msp.o
                0x08000a68                HAL_SPI_MspInit
 .text.HAL_UART_MspInit
                0x08000b2c       0xb8 ./Core/Src/stm32l4xx_hal_msp.o
                0x08000b2c                HAL_UART_MspInit
 .text.NMI_Handler
                0x08000be4        0x8 ./Core/Src/stm32l4xx_it.o
                0x08000be4                NMI_Handler
 .text.HardFault_Handler
                0x08000bec        0x8 ./Core/Src/stm32l4xx_it.o
                0x08000bec                HardFault_Handler
 .text.MemManage_Handler
                0x08000bf4        0x8 ./Core/Src/stm32l4xx_it.o
                0x08000bf4                MemManage_Handler
 .text.BusFault_Handler
                0x08000bfc        0x8 ./Core/Src/stm32l4xx_it.o
                0x08000bfc                BusFault_Handler
 .text.UsageFault_Handler
                0x08000c04        0x8 ./Core/Src/stm32l4xx_it.o
                0x08000c04                UsageFault_Handler
 .text.SVC_Handler
                0x08000c0c        0xe ./Core/Src/stm32l4xx_it.o
                0x08000c0c                SVC_Handler
 .text.DebugMon_Handler
                0x08000c1a        0xe ./Core/Src/stm32l4xx_it.o
                0x08000c1a                DebugMon_Handler
 .text.PendSV_Handler
                0x08000c28        0xe ./Core/Src/stm32l4xx_it.o
                0x08000c28                PendSV_Handler
 .text.SysTick_Handler
                0x08000c36        0xc ./Core/Src/stm32l4xx_it.o
                0x08000c36                SysTick_Handler
 .text.EXTI4_IRQHandler
                0x08000c42        0xe ./Core/Src/stm32l4xx_it.o
                0x08000c42                EXTI4_IRQHandler
 .text.EXTI9_5_IRQHandler
                0x08000c50        0xe ./Core/Src/stm32l4xx_it.o
                0x08000c50                EXTI9_5_IRQHandler
 .text.EXTI15_10_IRQHandler
                0x08000c5e       0x28 ./Core/Src/stm32l4xx_it.o
                0x08000c5e                EXTI15_10_IRQHandler
 *fill*         0x08000c86        0x2 
 .text.SystemInit
                0x08000c88       0x24 ./Core/Src/system_stm32l4xx.o
                0x08000c88                SystemInit
 .text.test_led_state3
                0x08000cac       0xbc ./Core/Src/test.o
                0x08000cac                test_led_state3
 .text.Reset_Handler
                0x08000d68       0x50 ./Core/Startup/startup_stm32l476rgtx.o
                0x08000d68                Reset_Handler
 .text.Default_Handler
                0x08000db8        0x2 ./Core/Startup/startup_stm32l476rgtx.o
                0x08000db8                RTC_Alarm_IRQHandler
                0x08000db8                EXTI2_IRQHandler
                0x08000db8                TIM8_TRG_COM_IRQHandler
                0x08000db8                TIM8_CC_IRQHandler
                0x08000db8                TIM1_CC_IRQHandler
                0x08000db8                TSC_IRQHandler
                0x08000db8                TAMP_STAMP_IRQHandler
                0x08000db8                EXTI3_IRQHandler
                0x08000db8                LPTIM2_IRQHandler
                0x08000db8                DFSDM1_FLT1_IRQHandler
                0x08000db8                I2C3_ER_IRQHandler
                0x08000db8                DFSDM1_FLT2_IRQHandler
                0x08000db8                EXTI0_IRQHandler
                0x08000db8                I2C2_EV_IRQHandler
                0x08000db8                CAN1_RX0_IRQHandler
                0x08000db8                FPU_IRQHandler
                0x08000db8                TIM1_UP_TIM16_IRQHandler
                0x08000db8                ADC1_2_IRQHandler
                0x08000db8                SPI1_IRQHandler
                0x08000db8                TIM6_DAC_IRQHandler
                0x08000db8                TIM8_UP_IRQHandler
                0x08000db8                DMA2_Channel2_IRQHandler
                0x08000db8                DMA1_Channel4_IRQHandler
                0x08000db8                SAI2_IRQHandler
                0x08000db8                DFSDM1_FLT3_IRQHandler
                0x08000db8                USART3_IRQHandler
                0x08000db8                DMA1_Channel7_IRQHandler
                0x08000db8                CAN1_RX1_IRQHandler
                0x08000db8                LCD_IRQHandler
                0x08000db8                UART5_IRQHandler
                0x08000db8                ADC3_IRQHandler
                0x08000db8                TIM4_IRQHandler
                0x08000db8                DMA2_Channel1_IRQHandler
                0x08000db8                QUADSPI_IRQHandler
                0x08000db8                I2C1_EV_IRQHandler
                0x08000db8                DMA1_Channel6_IRQHandler
                0x08000db8                UART4_IRQHandler
                0x08000db8                DMA2_Channel4_IRQHandler
                0x08000db8                TIM3_IRQHandler
                0x08000db8                RCC_IRQHandler
                0x08000db8                DMA1_Channel1_IRQHandler
                0x08000db8                Default_Handler
                0x08000db8                DMA2_Channel7_IRQHandler
                0x08000db8                TIM7_IRQHandler
                0x08000db8                SDMMC1_IRQHandler
                0x08000db8                TIM5_IRQHandler
                0x08000db8                I2C3_EV_IRQHandler
                0x08000db8                RTC_WKUP_IRQHandler
                0x08000db8                PVD_PVM_IRQHandler
                0x08000db8                SPI2_IRQHandler
                0x08000db8                CAN1_TX_IRQHandler
                0x08000db8                DMA2_Channel5_IRQHandler
                0x08000db8                DMA1_Channel5_IRQHandler
                0x08000db8                RNG_IRQHandler
                0x08000db8                TIM1_TRG_COM_TIM17_IRQHandler
                0x08000db8                DMA1_Channel3_IRQHandler
                0x08000db8                COMP_IRQHandler
                0x08000db8                WWDG_IRQHandler
                0x08000db8                LPUART1_IRQHandler
                0x08000db8                DMA2_Channel6_IRQHandler
                0x08000db8                TIM2_IRQHandler
                0x08000db8                EXTI1_IRQHandler
                0x08000db8                USART2_IRQHandler
                0x08000db8                DFSDM1_FLT0_IRQHandler
                0x08000db8                I2C2_ER_IRQHandler
                0x08000db8                DMA1_Channel2_IRQHandler
                0x08000db8                TIM8_BRK_IRQHandler
                0x08000db8                CAN1_SCE_IRQHandler
                0x08000db8                FLASH_IRQHandler
                0x08000db8                USART1_IRQHandler
                0x08000db8                OTG_FS_IRQHandler
                0x08000db8                SPI3_IRQHandler
                0x08000db8                I2C1_ER_IRQHandler
                0x08000db8                FMC_IRQHandler
                0x08000db8                SWPMI1_IRQHandler
                0x08000db8                LPTIM1_IRQHandler
                0x08000db8                SAI1_IRQHandler
                0x08000db8                DMA2_Channel3_IRQHandler
                0x08000db8                TIM1_BRK_TIM15_IRQHandler
 *fill*         0x08000dba        0x2 
 .text.HAL_Init
                0x08000dbc       0x40 ./Drivers/STM32L4xx_HAL_Driver/Src/stm32l4xx_hal.o
                0x08000dbc                HAL_Init
 .text.HAL_InitTick
                0x08000dfc       0x78 ./Drivers/STM32L4xx_HAL_Driver/Src/stm32l4xx_hal.o
                0x08000dfc                HAL_InitTick
 .text.HAL_IncTick
                0x08000e74       0x28 ./Drivers/STM32L4xx_HAL_Driver/Src/stm32l4xx_hal.o
                0x08000e74                HAL_IncTick
 .text.HAL_GetTick
                0x08000e9c       0x18 ./Drivers/STM32L4xx_HAL_Driver/Src/stm32l4xx_hal.o
                0x08000e9c                HAL_GetTick
 .text.HAL_Delay
                0x08000eb4       0x48 ./Drivers/STM32L4xx_HAL_Driver/Src/stm32l4xx_hal.o
                0x08000eb4                HAL_Delay
 .text.__NVIC_SetPriorityGrouping
                0x08000efc       0x48 ./Drivers/STM32L4xx_HAL_Driver/Src/stm32l4xx_hal_cortex.o
 .text.__NVIC_GetPriorityGrouping
                0x08000f44       0x1c ./Drivers/STM32L4xx_HAL_Driver/Src/stm32l4xx_hal_cortex.o
 .text.__NVIC_EnableIRQ
                0x08000f60       0x3c ./Drivers/STM32L4xx_HAL_Driver/Src/stm32l4xx_hal_cortex.o
 .text.__NVIC_SetPriority
                0x08000f9c       0x54 ./Drivers/STM32L4xx_HAL_Driver/Src/stm32l4xx_hal_cortex.o
 .text.NVIC_EncodePriority
                0x08000ff0       0x66 ./Drivers/STM32L4xx_HAL_Driver/Src/stm32l4xx_hal_cortex.o
 *fill*         0x08001056        0x2 
 .text.SysTick_Config
                0x08001058       0x44 ./Drivers/STM32L4xx_HAL_Driver/Src/stm32l4xx_hal_cortex.o
 .text.HAL_NVIC_SetPriorityGrouping
                0x0800109c       0x16 ./Drivers/STM32L4xx_HAL_Driver/Src/stm32l4xx_hal_cortex.o
                0x0800109c                HAL_NVIC_SetPriorityGrouping
 .text.HAL_NVIC_SetPriority
                0x080010b2       0x38 ./Drivers/STM32L4xx_HAL_Driver/Src/stm32l4xx_hal_cortex.o
                0x080010b2                HAL_NVIC_SetPriority
 .text.HAL_NVIC_EnableIRQ
                0x080010ea       0x1c ./Drivers/STM32L4xx_HAL_Driver/Src/stm32l4xx_hal_cortex.o
                0x080010ea                HAL_NVIC_EnableIRQ
 .text.HAL_SYSTICK_Config
                0x08001106       0x18 ./Drivers/STM32L4xx_HAL_Driver/Src/stm32l4xx_hal_cortex.o
                0x08001106                HAL_SYSTICK_Config
 *fill*         0x0800111e        0x2 
 .text.HAL_GPIO_Init
                0x08001120      0x354 ./Drivers/STM32L4xx_HAL_Driver/Src/stm32l4xx_hal_gpio.o
                0x08001120                HAL_GPIO_Init
 .text.HAL_GPIO_ReadPin
                0x08001474       0x30 ./Drivers/STM32L4xx_HAL_Driver/Src/stm32l4xx_hal_gpio.o
                0x08001474                HAL_GPIO_ReadPin
 .text.HAL_GPIO_WritePin
                0x080014a4       0x30 ./Drivers/STM32L4xx_HAL_Driver/Src/stm32l4xx_hal_gpio.o
                0x080014a4                HAL_GPIO_WritePin
 .text.HAL_GPIO_EXTI_IRQHandler
                0x080014d4       0x30 ./Drivers/STM32L4xx_HAL_Driver/Src/stm32l4xx_hal_gpio.o
                0x080014d4                HAL_GPIO_EXTI_IRQHandler
 .text.HAL_PWREx_GetVoltageRange
                0x08001504       0x1c ./Drivers/STM32L4xx_HAL_Driver/Src/stm32l4xx_hal_pwr_ex.o
                0x08001504                HAL_PWREx_GetVoltageRange
 .text.HAL_PWREx_ControlVoltageScaling
                0x08001520       0xac ./Drivers/STM32L4xx_HAL_Driver/Src/stm32l4xx_hal_pwr_ex.o
                0x08001520                HAL_PWREx_ControlVoltageScaling
 .text.HAL_RCC_OscConfig
                0x080015cc      0x7b8 ./Drivers/STM32L4xx_HAL_Driver/Src/stm32l4xx_hal_rcc.o
                0x080015cc                HAL_RCC_OscConfig
 .text.HAL_RCC_ClockConfig
                0x08001d84      0x200 ./Drivers/STM32L4xx_HAL_Driver/Src/stm32l4xx_hal_rcc.o
                0x08001d84                HAL_RCC_ClockConfig
 .text.HAL_RCC_GetSysClockFreq
                0x08001f84      0x118 ./Drivers/STM32L4xx_HAL_Driver/Src/stm32l4xx_hal_rcc.o
                0x08001f84                HAL_RCC_GetSysClockFreq
 .text.HAL_RCC_GetHCLKFreq
                0x0800209c       0x18 ./Drivers/STM32L4xx_HAL_Driver/Src/stm32l4xx_hal_rcc.o
                0x0800209c                HAL_RCC_GetHCLKFreq
 .text.HAL_RCC_GetPCLK1Freq
                0x080020b4       0x2c ./Drivers/STM32L4xx_HAL_Driver/Src/stm32l4xx_hal_rcc.o
                0x080020b4                HAL_RCC_GetPCLK1Freq
 .text.HAL_RCC_GetPCLK2Freq
                0x080020e0       0x2c ./Drivers/STM32L4xx_HAL_Driver/Src/stm32l4xx_hal_rcc.o
                0x080020e0                HAL_RCC_GetPCLK2Freq
 .text.RCC_SetFlashLatencyFromMSIRange
                0x0800210c       0xc0 ./Drivers/STM32L4xx_HAL_Driver/Src/stm32l4xx_hal_rcc.o
 .text.HAL_RCCEx_PeriphCLKConfig
                0x080021cc      0x5d4 ./Drivers/STM32L4xx_HAL_Driver/Src/stm32l4xx_hal_rcc_ex.o
                0x080021cc                HAL_RCCEx_PeriphCLKConfig
 .text.RCCEx_PLLSAI1_Config
                0x080027a0      0x1e8 ./Drivers/STM32L4xx_HAL_Driver/Src/stm32l4xx_hal_rcc_ex.o
 .text.RCCEx_PLLSAI2_Config
                0x08002988      0x1bc ./Drivers/STM32L4xx_HAL_Driver/Src/stm32l4xx_hal_rcc_ex.o
 .text.HAL_SPI_Init
                0x08002b44      0x146 ./Drivers/STM32L4xx_HAL_Driver/Src/stm32l4xx_hal_spi.o
                0x08002b44                HAL_SPI_Init
 .text.HAL_SPI_Transmit
                0x08002c8a      0x2ec ./Drivers/STM32L4xx_HAL_Driver/Src/stm32l4xx_hal_spi.o
                0x08002c8a                HAL_SPI_Transmit
 *fill*         0x08002f76        0x2 
 .text.SPI_WaitFlagStateUntilTimeout
                0x08002f78      0x110 ./Drivers/STM32L4xx_HAL_Driver/Src/stm32l4xx_hal_spi.o
 .text.SPI_WaitFifoStateUntilTimeout
                0x08003088      0x12c ./Drivers/STM32L4xx_HAL_Driver/Src/stm32l4xx_hal_spi.o
 .text.SPI_EndRxTxTransaction
                0x080031b4       0x8c ./Drivers/STM32L4xx_HAL_Driver/Src/stm32l4xx_hal_spi.o
 .text.HAL_UART_Init
                0x08003240       0x9c ./Drivers/STM32L4xx_HAL_Driver/Src/stm32l4xx_hal_uart.o
                0x08003240                HAL_UART_Init
 .text.UART_SetConfig
                0x080032dc      0x570 ./Drivers/STM32L4xx_HAL_Driver/Src/stm32l4xx_hal_uart.o
                0x080032dc                UART_SetConfig
 .text.UART_AdvFeatureConfig
                0x0800384c      0x144 ./Drivers/STM32L4xx_HAL_Driver/Src/stm32l4xx_hal_uart.o
                0x0800384c                UART_AdvFeatureConfig
 .text.UART_CheckIdleState
                0x08003990      0x150 ./Drivers/STM32L4xx_HAL_Driver/Src/stm32l4xx_hal_uart.o
                0x08003990                UART_CheckIdleState
 .text.UART_WaitOnFlagUntilTimeout
                0x08003ae0       0xda ./Drivers/STM32L4xx_HAL_Driver/Src/stm32l4xx_hal_uart.o
                0x08003ae0                UART_WaitOnFlagUntilTimeout
 .text.UART_EndRxTransfer
                0x08003bba       0xc8 ./Drivers/STM32L4xx_HAL_Driver/Src/stm32l4xx_hal_uart.o
 .text.memset   0x08003c82       0x10 C:/ST/STM32CubeIDE_1.19.0/STM32CubeIDE/plugins/com.st.stm32cube.ide.mcu.externaltools.gnu-tools-for-stm32.13.3.rel1.win32_1.0.0.202411081344/tools/bin/../lib/gcc/arm-none-eabi/13.3.1/../../../../arm-none-eabi/lib/thumb/v7e-m+fp/hard\libc_nano.a(libc_a-memset.o)
                0x08003c82                memset
 *fill*         0x08003c92        0x2 
 .text.__libc_init_array
                0x08003c94       0x48 C:/ST/STM32CubeIDE_1.19.0/STM32CubeIDE/plugins/com.st.stm32cube.ide.mcu.externaltools.gnu-tools-for-stm32.13.3.rel1.win32_1.0.0.202411081344/tools/bin/../lib/gcc/arm-none-eabi/13.3.1/../../../../arm-none-eabi/lib/thumb/v7e-m+fp/hard\libc_nano.a(libc_a-init.o)
                0x08003c94                __libc_init_array
 *(.glue_7)
 .glue_7        0x08003cdc        0x0 linker stubs
 *(.glue_7t)
 .glue_7t       0x08003cdc        0x0 linker stubs
 *(.eh_frame)
 .eh_frame      0x08003cdc        0x0 C:/ST/STM32CubeIDE_1.19.0/STM32CubeIDE/plugins/com.st.stm32cube.ide.mcu.externaltools.gnu-tools-for-stm32.13.3.rel1.win32_1.0.0.202411081344/tools/bin/../lib/gcc/arm-none-eabi/13.3.1/thumb/v7e-m+fp/hard/crtbegin.o
 *(.init)
 .init          0x08003cdc        0x4 C:/ST/STM32CubeIDE_1.19.0/STM32CubeIDE/plugins/com.st.stm32cube.ide.mcu.externaltools.gnu-tools-for-stm32.13.3.rel1.win32_1.0.0.202411081344/tools/bin/../lib/gcc/arm-none-eabi/13.3.1/thumb/v7e-m+fp/hard/crti.o
                0x08003cdc                _init
 .init          0x08003ce0        0x8 C:/ST/STM32CubeIDE_1.19.0/STM32CubeIDE/plugins/com.st.stm32cube.ide.mcu.externaltools.gnu-tools-for-stm32.13.3.rel1.win32_1.0.0.202411081344/tools/bin/../lib/gcc/arm-none-eabi/13.3.1/thumb/v7e-m+fp/hard/crtn.o
 *(.fini)
 .fini          0x08003ce8        0x4 C:/ST/STM32CubeIDE_1.19.0/STM32CubeIDE/plugins/com.st.stm32cube.ide.mcu.externaltools.gnu-tools-for-stm32.13.3.rel1.win32_1.0.0.202411081344/tools/bin/../lib/gcc/arm-none-eabi/13.3.1/thumb/v7e-m+fp/hard/crti.o
                0x08003ce8                _fini
 .fini          0x08003cec        0x8 C:/ST/STM32CubeIDE_1.19.0/STM32CubeIDE/plugins/com.st.stm32cube.ide.mcu.externaltools.gnu-tools-for-stm32.13.3.rel1.win32_1.0.0.202411081344/tools/bin/../lib/gcc/arm-none-eabi/13.3.1/thumb/v7e-m+fp/hard/crtn.o
                0x08003cf4                        . = ALIGN (0x4)
                0x08003cf4                        _etext = .

.vfp11_veneer   0x08003cf4        0x0
 .vfp11_veneer  0x08003cf4        0x0 linker stubs

.v4_bx          0x08003cf4        0x0
 .v4_bx         0x08003cf4        0x0 linker stubs

.iplt           0x08003cf4        0x0
 .iplt          0x08003cf4        0x0 C:/ST/STM32CubeIDE_1.19.0/STM32CubeIDE/plugins/com.st.stm32cube.ide.mcu.externaltools.gnu-tools-for-stm32.13.3.rel1.win32_1.0.0.202411081344/tools/bin/../lib/gcc/arm-none-eabi/13.3.1/thumb/v7e-m+fp/hard/crtbegin.o

.rodata         0x08003cf4       0x48
                0x08003cf4                        . = ALIGN (0x4)
 *(.rodata)
 *(.rodata*)
 .rodata.AHBPrescTable
                0x08003cf4       0x10 ./Core/Src/system_stm32l4xx.o
                0x08003cf4                AHBPrescTable
 .rodata.APBPrescTable
                0x08003d04        0x8 ./Core/Src/system_stm32l4xx.o
                0x08003d04                APBPrescTable
 .rodata.MSIRangeTable
                0x08003d0c       0x30 ./Core/Src/system_stm32l4xx.o
                0x08003d0c                MSIRangeTable
                0x08003d3c                        . = ALIGN (0x4)

.ARM.extab      0x08003d3c        0x0
                0x08003d3c                        . = ALIGN (0x4)
 *(.ARM.extab* .gnu.linkonce.armextab.*)
                0x08003d3c                        . = ALIGN (0x4)

.ARM            0x08003d3c        0x8
                0x08003d3c                        . = ALIGN (0x4)
                0x08003d3c                        __exidx_start = .
 *(.ARM.exidx*)
 .ARM.exidx     0x08003d3c        0x8 C:/ST/STM32CubeIDE_1.19.0/STM32CubeIDE/plugins/com.st.stm32cube.ide.mcu.externaltools.gnu-tools-for-stm32.13.3.rel1.win32_1.0.0.202411081344/tools/bin/../lib/gcc/arm-none-eabi/13.3.1/thumb/v7e-m+fp/hard\libgcc.a(_udivmoddi4.o)
                0x08003d44                        __exidx_end = .
                0x08003d44                        . = ALIGN (0x4)

.preinit_array  0x08003d44        0x0
                0x08003d44                        . = ALIGN (0x4)
                0x08003d44                        PROVIDE (__preinit_array_start = .)
 *(.preinit_array*)
                0x08003d44                        PROVIDE (__preinit_array_end = .)
                0x08003d44                        . = ALIGN (0x4)

.init_array     0x08003d44        0x4
                0x08003d44                        . = ALIGN (0x4)
                0x08003d44                        PROVIDE (__init_array_start = .)
 *(SORT_BY_NAME(.init_array.*))
 *(.init_array*)
 .init_array    0x08003d44        0x4 C:/ST/STM32CubeIDE_1.19.0/STM32CubeIDE/plugins/com.st.stm32cube.ide.mcu.externaltools.gnu-tools-for-stm32.13.3.rel1.win32_1.0.0.202411081344/tools/bin/../lib/gcc/arm-none-eabi/13.3.1/thumb/v7e-m+fp/hard/crtbegin.o
                0x08003d48                        PROVIDE (__init_array_end = .)
                0x08003d48                        . = ALIGN (0x4)

.fini_array     0x08003d48        0x4
                0x08003d48                        . = ALIGN (0x4)
                [!provide]                        PROVIDE (__fini_array_start = .)
 *(SORT_BY_NAME(.fini_array.*))
 *(.fini_array*)
 .fini_array    0x08003d48        0x4 C:/ST/STM32CubeIDE_1.19.0/STM32CubeIDE/plugins/com.st.stm32cube.ide.mcu.externaltools.gnu-tools-for-stm32.13.3.rel1.win32_1.0.0.202411081344/tools/bin/../lib/gcc/arm-none-eabi/13.3.1/thumb/v7e-m+fp/hard/crtbegin.o
                [!provide]                        PROVIDE (__fini_array_end = .)
                0x08003d4c                        . = ALIGN (0x4)
                0x08003d4c                        _sidata = LOADADDR (.data)

.rel.dyn        0x08003d4c        0x0
 .rel.iplt      0x08003d4c        0x0 C:/ST/STM32CubeIDE_1.19.0/STM32CubeIDE/plugins/com.st.stm32cube.ide.mcu.externaltools.gnu-tools-for-stm32.13.3.rel1.win32_1.0.0.202411081344/tools/bin/../lib/gcc/arm-none-eabi/13.3.1/thumb/v7e-m+fp/hard/crtbegin.o

.data           0x20000000       0x34 load address 0x08003d4c
                0x20000000                        . = ALIGN (0x4)
                0x20000000                        _sdata = .
 *(.data)
 *(.data*)
 .data.V_G      0x20000000        0x3 ./Core/Src/SPIhandler.o
                0x20000000                V_G
 *fill*         0x20000003        0x1 
 .data.V_G_pending_0
                0x20000004        0x3 ./Core/Src/SPIhandler.o
                0x20000004                V_G_pending_0
 *fill*         0x20000007        0x1 
 .data.V_G_pending_1
                0x20000008        0x3 ./Core/Src/SPIhandler.o
                0x20000008                V_G_pending_1
 *fill*         0x2000000b        0x1 
 .data.V_O_pending_0
                0x2000000c        0x3 ./Core/Src/SPIhandler.o
                0x2000000c                V_O_pending_0
 *fill*         0x2000000f        0x1 
 .data.V_O_pending_1
                0x20000010        0x3 ./Core/Src/SPIhandler.o
                0x20000010                V_O_pending_1
 *fill*         0x20000013        0x1 
 .data.H_G      0x20000014        0x3 ./Core/Src/SPIhandler.o
                0x20000014                H_G
 *fill*         0x20000017        0x1 
 .data.H_G_pending_0
                0x20000018        0x3 ./Core/Src/SPIhandler.o
                0x20000018                H_G_pending_0
 *fill*         0x2000001b        0x1 
 .data.H_G_pending_1
                0x2000001c        0x3 ./Core/Src/SPIhandler.o
                0x2000001c                H_G_pending_1
 *fill*         0x2000001f        0x1 
 .data.H_O_pending_0
                0x20000020        0x3 ./Core/Src/SPIhandler.o
                0x20000020                H_O_pending_0
 *fill*         0x20000023        0x1 
 .data.H_O_pending_1
                0x20000024        0x3 ./Core/Src/SPIhandler.o
                0x20000024                H_O_pending_1
 *fill*         0x20000027        0x1 
 .data.SystemCoreClock
                0x20000028        0x4 ./Core/Src/system_stm32l4xx.o
                0x20000028                SystemCoreClock
 .data.uwTickPrio
                0x2000002c        0x4 ./Drivers/STM32L4xx_HAL_Driver/Src/stm32l4xx_hal.o
                0x2000002c                uwTickPrio
 .data.uwTickFreq
                0x20000030        0x1 ./Drivers/STM32L4xx_HAL_Driver/Src/stm32l4xx_hal.o
                0x20000030                uwTickFreq
 *(.RamFunc)
 *(.RamFunc*)
                0x20000034                        . = ALIGN (0x4)
 *fill*         0x20000031        0x3 
                0x20000034                        _edata = .

.igot.plt       0x20000034        0x0 load address 0x08003d80
 .igot.plt      0x20000034        0x0 C:/ST/STM32CubeIDE_1.19.0/STM32CubeIDE/plugins/com.st.stm32cube.ide.mcu.externaltools.gnu-tools-for-stm32.13.3.rel1.win32_1.0.0.202411081344/tools/bin/../lib/gcc/arm-none-eabi/13.3.1/thumb/v7e-m+fp/hard/crtbegin.o
                0x20000034                        . = ALIGN (0x4)

.bss            0x20000034      0x11c load address 0x08003d80
                0x20000034                        _sbss = .
                0x20000034                        __bss_start__ = _sbss
 *(.bss)
 .bss           0x20000034       0x1c C:/ST/STM32CubeIDE_1.19.0/STM32CubeIDE/plugins/com.st.stm32cube.ide.mcu.externaltools.gnu-tools-for-stm32.13.3.rel1.win32_1.0.0.202411081344/tools/bin/../lib/gcc/arm-none-eabi/13.3.1/thumb/v7e-m+fp/hard/crtbegin.o
 *(.bss*)
 .bss.PL1_switch_var
                0x20000050        0x1 ./Core/Src/GPIOinputs.o
                0x20000050                PL1_switch_var
 .bss.PL2_switch_var
                0x20000051        0x1 ./Core/Src/GPIOinputs.o
                0x20000051                PL2_switch_var
 .bss.TL1_Car_var
                0x20000052        0x1 ./Core/Src/GPIOinputs.o
                0x20000052                TL1_Car_var
 .bss.TL2_Car_var
                0x20000053        0x1 ./Core/Src/GPIOinputs.o
                0x20000053                TL2_Car_var
 .bss.TL3_Car_var
                0x20000054        0x1 ./Core/Src/GPIOinputs.o
                0x20000054                TL3_Car_var
 .bss.TL4_Car_var
                0x20000055        0x1 ./Core/Src/GPIOinputs.o
                0x20000055                TL4_Car_var
 *fill*         0x20000056        0x2 
 .bss.PL1_Last_Interrupt
                0x20000058        0x4 ./Core/Src/GPIOinputs.o
                0x20000058                PL1_Last_Interrupt
 .bss.PL2_Last_Interrupt
                0x2000005c        0x4 ./Core/Src/GPIOinputs.o
                0x2000005c                PL2_Last_Interrupt
 .bss.hspi3     0x20000060       0x64 ./Core/Src/main.o
                0x20000060                hspi3
 .bss.huart2    0x200000c4       0x88 ./Core/Src/main.o
                0x200000c4                huart2
 .bss.uwTick    0x2000014c        0x4 ./Drivers/STM32L4xx_HAL_Driver/Src/stm32l4xx_hal.o
                0x2000014c                uwTick
 *(COMMON)
                0x20000150                        . = ALIGN (0x4)
                0x20000150                        _ebss = .
                0x20000150                        __bss_end__ = _ebss

._user_heap_stack
                0x20000150      0x600 load address 0x08003d80
                0x20000150                        . = ALIGN (0x8)
                [!provide]                        PROVIDE (end = .)
                0x20000150                        PROVIDE (_end = .)
                0x20000350                        . = (. + _Min_Heap_Size)
 *fill*         0x20000150      0x200 
                0x20000750                        . = (. + _Min_Stack_Size)
 *fill*         0x20000350      0x400 
                0x20000750                        . = ALIGN (0x8)

/DISCARD/
 libc.a(*)
 libm.a(*)
 libgcc.a(*)

.ARM.attributes
                0x00000000       0x30
 *(.ARM.attributes)
 .ARM.attributes
                0x00000000       0x22 C:/ST/STM32CubeIDE_1.19.0/STM32CubeIDE/plugins/com.st.stm32cube.ide.mcu.externaltools.gnu-tools-for-stm32.13.3.rel1.win32_1.0.0.202411081344/tools/bin/../lib/gcc/arm-none-eabi/13.3.1/thumb/v7e-m+fp/hard/crti.o
 .ARM.attributes
                0x00000022       0x34 C:/ST/STM32CubeIDE_1.19.0/STM32CubeIDE/plugins/com.st.stm32cube.ide.mcu.externaltools.gnu-tools-for-stm32.13.3.rel1.win32_1.0.0.202411081344/tools/bin/../lib/gcc/arm-none-eabi/13.3.1/thumb/v7e-m+fp/hard/crtbegin.o
 .ARM.attributes
                0x00000056       0x34 ./Core/Src/GPIOinputs.o
 .ARM.attributes
                0x0000008a       0x34 ./Core/Src/SPIhandler.o
 .ARM.attributes
                0x000000be       0x34 ./Core/Src/main.o
 .ARM.attributes
                0x000000f2       0x34 ./Core/Src/stm32l4xx_hal_msp.o
 .ARM.attributes
                0x00000126       0x34 ./Core/Src/stm32l4xx_it.o
 .ARM.attributes
                0x0000015a       0x34 ./Core/Src/system_stm32l4xx.o
 .ARM.attributes
                0x0000018e       0x34 ./Core/Src/test.o
 .ARM.attributes
                0x000001c2       0x21 ./Core/Startup/startup_stm32l476rgtx.o
 .ARM.attributes
                0x000001e3       0x34 ./Drivers/STM32L4xx_HAL_Driver/Src/stm32l4xx_hal.o
 .ARM.attributes
                0x00000217       0x34 ./Drivers/STM32L4xx_HAL_Driver/Src/stm32l4xx_hal_cortex.o
 .ARM.attributes
                0x0000024b       0x34 ./Drivers/STM32L4xx_HAL_Driver/Src/stm32l4xx_hal_gpio.o
 .ARM.attributes
                0x0000027f       0x34 ./Drivers/STM32L4xx_HAL_Driver/Src/stm32l4xx_hal_pwr_ex.o
 .ARM.attributes
                0x000002b3       0x34 ./Drivers/STM32L4xx_HAL_Driver/Src/stm32l4xx_hal_rcc.o
 .ARM.attributes
                0x000002e7       0x34 ./Drivers/STM32L4xx_HAL_Driver/Src/stm32l4xx_hal_rcc_ex.o
 .ARM.attributes
                0x0000031b       0x34 ./Drivers/STM32L4xx_HAL_Driver/Src/stm32l4xx_hal_spi.o
 .ARM.attributes
                0x0000034f       0x34 ./Drivers/STM32L4xx_HAL_Driver/Src/stm32l4xx_hal_uart.o
 .ARM.attributes
                0x00000383       0x34 C:/ST/STM32CubeIDE_1.19.0/STM32CubeIDE/plugins/com.st.stm32cube.ide.mcu.externaltools.gnu-tools-for-stm32.13.3.rel1.win32_1.0.0.202411081344/tools/bin/../lib/gcc/arm-none-eabi/13.3.1/../../../../arm-none-eabi/lib/thumb/v7e-m+fp/hard\libc_nano.a(libc_a-memset.o)
 .ARM.attributes
                0x000003b7       0x34 C:/ST/STM32CubeIDE_1.19.0/STM32CubeIDE/plugins/com.st.stm32cube.ide.mcu.externaltools.gnu-tools-for-stm32.13.3.rel1.win32_1.0.0.202411081344/tools/bin/../lib/gcc/arm-none-eabi/13.3.1/../../../../arm-none-eabi/lib/thumb/v7e-m+fp/hard\libc_nano.a(libc_a-init.o)
 .ARM.attributes
                0x000003eb       0x22 C:/ST/STM32CubeIDE_1.19.0/STM32CubeIDE/plugins/com.st.stm32cube.ide.mcu.externaltools.gnu-tools-for-stm32.13.3.rel1.win32_1.0.0.202411081344/tools/bin/../lib/gcc/arm-none-eabi/13.3.1/thumb/v7e-m+fp/hard\libgcc.a(_aeabi_uldivmod.o)
 .ARM.attributes
                0x0000040d       0x34 C:/ST/STM32CubeIDE_1.19.0/STM32CubeIDE/plugins/com.st.stm32cube.ide.mcu.externaltools.gnu-tools-for-stm32.13.3.rel1.win32_1.0.0.202411081344/tools/bin/../lib/gcc/arm-none-eabi/13.3.1/thumb/v7e-m+fp/hard\libgcc.a(_udivmoddi4.o)
 .ARM.attributes
                0x00000441       0x22 C:/ST/STM32CubeIDE_1.19.0/STM32CubeIDE/plugins/com.st.stm32cube.ide.mcu.externaltools.gnu-tools-for-stm32.13.3.rel1.win32_1.0.0.202411081344/tools/bin/../lib/gcc/arm-none-eabi/13.3.1/thumb/v7e-m+fp/hard\libgcc.a(_dvmd_tls.o)
 .ARM.attributes
                0x00000463       0x22 C:/ST/STM32CubeIDE_1.19.0/STM32CubeIDE/plugins/com.st.stm32cube.ide.mcu.externaltools.gnu-tools-for-stm32.13.3.rel1.win32_1.0.0.202411081344/tools/bin/../lib/gcc/arm-none-eabi/13.3.1/thumb/v7e-m+fp/hard/crtn.o
OUTPUT(projectfinal.elf elf32-littlearm)
LOAD linker stubs
LOAD C:/ST/STM32CubeIDE_1.19.0/STM32CubeIDE/plugins/com.st.stm32cube.ide.mcu.externaltools.gnu-tools-for-stm32.13.3.rel1.win32_1.0.0.202411081344/tools/bin/../lib/gcc/arm-none-eabi/13.3.1/../../../../arm-none-eabi/lib/thumb/v7e-m+fp/hard\libc.a
LOAD C:/ST/STM32CubeIDE_1.19.0/STM32CubeIDE/plugins/com.st.stm32cube.ide.mcu.externaltools.gnu-tools-for-stm32.13.3.rel1.win32_1.0.0.202411081344/tools/bin/../lib/gcc/arm-none-eabi/13.3.1/../../../../arm-none-eabi/lib/thumb/v7e-m+fp/hard\libm.a
LOAD C:/ST/STM32CubeIDE_1.19.0/STM32CubeIDE/plugins/com.st.stm32cube.ide.mcu.externaltools.gnu-tools-for-stm32.13.3.rel1.win32_1.0.0.202411081344/tools/bin/../lib/gcc/arm-none-eabi/13.3.1/thumb/v7e-m+fp/hard\libgcc.a

.debug_info     0x00000000     0xd07e
 .debug_info    0x00000000      0x30b ./Core/Src/GPIOinputs.o
 .debug_info    0x0000030b      0x8bf ./Core/Src/SPIhandler.o
 .debug_info    0x00000bca     0x128f ./Core/Src/main.o
 .debug_info    0x00001e59     0x103c ./Core/Src/stm32l4xx_hal_msp.o
 .debug_info    0x00002e95      0x1b0 ./Core/Src/stm32l4xx_it.o
 .debug_info    0x00003045      0x5e2 ./Core/Src/system_stm32l4xx.o
 .debug_info    0x00003627      0x327 ./Core/Src/test.o
 .debug_info    0x0000394e       0x30 ./Core/Startup/startup_stm32l476rgtx.o
 .debug_info    0x0000397e      0xc4d ./Drivers/STM32L4xx_HAL_Driver/Src/stm32l4xx_hal.o
 .debug_info    0x000045cb      0xdad ./Drivers/STM32L4xx_HAL_Driver/Src/stm32l4xx_hal_cortex.o
 .debug_info    0x00005378      0x79f ./Drivers/STM32L4xx_HAL_Driver/Src/stm32l4xx_hal_gpio.o
 .debug_info    0x00005b17      0x9ca ./Drivers/STM32L4xx_HAL_Driver/Src/stm32l4xx_hal_pwr_ex.o
 .debug_info    0x000064e1      0xc45 ./Drivers/STM32L4xx_HAL_Driver/Src/stm32l4xx_hal_rcc.o
 .debug_info    0x00007126      0xe58 ./Drivers/STM32L4xx_HAL_Driver/Src/stm32l4xx_hal_rcc_ex.o
 .debug_info    0x00007f7e     0x1572 ./Drivers/STM32L4xx_HAL_Driver/Src/stm32l4xx_hal_spi.o
 .debug_info    0x000094f0     0x3b8e ./Drivers/STM32L4xx_HAL_Driver/Src/stm32l4xx_hal_uart.o

.debug_abbrev   0x00000000     0x1f36
 .debug_abbrev  0x00000000      0x19a ./Core/Src/GPIOinputs.o
 .debug_abbrev  0x0000019a      0x1ed ./Core/Src/SPIhandler.o
 .debug_abbrev  0x00000387      0x273 ./Core/Src/main.o
 .debug_abbrev  0x000005fa      0x1d2 ./Core/Src/stm32l4xx_hal_msp.o
 .debug_abbrev  0x000007cc       0xca ./Core/Src/stm32l4xx_it.o
 .debug_abbrev  0x00000896      0x117 ./Core/Src/system_stm32l4xx.o
 .debug_abbrev  0x000009ad      0x146 ./Core/Src/test.o
 .debug_abbrev  0x00000af3       0x24 ./Core/Startup/startup_stm32l476rgtx.o
 .debug_abbrev  0x00000b17      0x243 ./Drivers/STM32L4xx_HAL_Driver/Src/stm32l4xx_hal.o
 .debug_abbrev  0x00000d5a      0x31c ./Drivers/STM32L4xx_HAL_Driver/Src/stm32l4xx_hal_cortex.o
 .debug_abbrev  0x00001076      0x1d1 ./Drivers/STM32L4xx_HAL_Driver/Src/stm32l4xx_hal_gpio.o
 .debug_abbrev  0x00001247      0x1f9 ./Drivers/STM32L4xx_HAL_Driver/Src/stm32l4xx_hal_pwr_ex.o
 .debug_abbrev  0x00001440      0x2dc ./Drivers/STM32L4xx_HAL_Driver/Src/stm32l4xx_hal_rcc.o
 .debug_abbrev  0x0000171c      0x2a5 ./Drivers/STM32L4xx_HAL_Driver/Src/stm32l4xx_hal_rcc_ex.o
 .debug_abbrev  0x000019c1      0x282 ./Drivers/STM32L4xx_HAL_Driver/Src/stm32l4xx_hal_spi.o
 .debug_abbrev  0x00001c43      0x2f3 ./Drivers/STM32L4xx_HAL_Driver/Src/stm32l4xx_hal_uart.o

.debug_aranges  0x00000000      0xb58
 .debug_aranges
                0x00000000       0x28 ./Core/Src/GPIOinputs.o
 .debug_aranges
                0x00000028       0x28 ./Core/Src/SPIhandler.o
 .debug_aranges
                0x00000050       0x48 ./Core/Src/main.o
 .debug_aranges
                0x00000098       0x40 ./Core/Src/stm32l4xx_hal_msp.o
 .debug_aranges
                0x000000d8       0x78 ./Core/Src/stm32l4xx_it.o
 .debug_aranges
                0x00000150       0x28 ./Core/Src/system_stm32l4xx.o
 .debug_aranges
                0x00000178       0x58 ./Core/Src/test.o
 .debug_aranges
                0x000001d0       0x28 ./Core/Startup/startup_stm32l476rgtx.o
 .debug_aranges
                0x000001f8      0x130 ./Drivers/STM32L4xx_HAL_Driver/Src/stm32l4xx_hal.o
 .debug_aranges
                0x00000328      0x128 ./Drivers/STM32L4xx_HAL_Driver/Src/stm32l4xx_hal_cortex.o
 .debug_aranges
                0x00000450       0x58 ./Drivers/STM32L4xx_HAL_Driver/Src/stm32l4xx_hal_gpio.o
 .debug_aranges
                0x000004a8      0x160 ./Drivers/STM32L4xx_HAL_Driver/Src/stm32l4xx_hal_pwr_ex.o
 .debug_aranges
                0x00000608       0x90 ./Drivers/STM32L4xx_HAL_Driver/Src/stm32l4xx_hal_rcc.o
 .debug_aranges
                0x00000698       0xc0 ./Drivers/STM32L4xx_HAL_Driver/Src/stm32l4xx_hal_rcc_ex.o
 .debug_aranges
                0x00000758      0x1d8 ./Drivers/STM32L4xx_HAL_Driver/Src/stm32l4xx_hal_spi.o
 .debug_aranges
                0x00000930      0x228 ./Drivers/STM32L4xx_HAL_Driver/Src/stm32l4xx_hal_uart.o

.debug_rnglists
                0x00000000      0x8af
 .debug_rnglists
                0x00000000       0x1a ./Core/Src/GPIOinputs.o
 .debug_rnglists
                0x0000001a       0x19 ./Core/Src/SPIhandler.o
 .debug_rnglists
                0x00000033       0x33 ./Core/Src/main.o
 .debug_rnglists
                0x00000066       0x2d ./Core/Src/stm32l4xx_hal_msp.o
 .debug_rnglists
                0x00000093       0x55 ./Core/Src/stm32l4xx_it.o
 .debug_rnglists
                0x000000e8       0x1a ./Core/Src/system_stm32l4xx.o
 .debug_rnglists
                0x00000102       0x3f ./Core/Src/test.o
 .debug_rnglists
                0x00000141       0x19 ./Core/Startup/startup_stm32l476rgtx.o
 .debug_rnglists
                0x0000015a       0xdf ./Drivers/STM32L4xx_HAL_Driver/Src/stm32l4xx_hal.o
 .debug_rnglists
                0x00000239       0xda ./Drivers/STM32L4xx_HAL_Driver/Src/stm32l4xx_hal_cortex.o
 .debug_rnglists
                0x00000313       0x3f ./Drivers/STM32L4xx_HAL_Driver/Src/stm32l4xx_hal_gpio.o
 .debug_rnglists
                0x00000352      0x109 ./Drivers/STM32L4xx_HAL_Driver/Src/stm32l4xx_hal_pwr_ex.o
 .debug_rnglists
                0x0000045b       0x6d ./Drivers/STM32L4xx_HAL_Driver/Src/stm32l4xx_hal_rcc.o
 .debug_rnglists
                0x000004c8       0x95 ./Drivers/STM32L4xx_HAL_Driver/Src/stm32l4xx_hal_rcc_ex.o
 .debug_rnglists
                0x0000055d      0x178 ./Drivers/STM32L4xx_HAL_Driver/Src/stm32l4xx_hal_spi.o
 .debug_rnglists
                0x000006d5      0x1da ./Drivers/STM32L4xx_HAL_Driver/Src/stm32l4xx_hal_uart.o

.debug_macro    0x00000000    0x267c1
 .debug_macro   0x00000000      0x1ef ./Core/Src/GPIOinputs.o
 .debug_macro   0x000001ef      0xad8 ./Core/Src/GPIOinputs.o
 .debug_macro   0x00000cc7       0x22 ./Core/Src/GPIOinputs.o
 .debug_macro   0x00000ce9       0x8e ./Core/Src/GPIOinputs.o
 .debug_macro   0x00000d77       0x51 ./Core/Src/GPIOinputs.o
 .debug_macro   0x00000dc8      0x103 ./Core/Src/GPIOinputs.o
 .debug_macro   0x00000ecb       0x6a ./Core/Src/GPIOinputs.o
 .debug_macro   0x00000f35      0x1df ./Core/Src/GPIOinputs.o
 .debug_macro   0x00001114      0x1a7 ./Core/Src/GPIOinputs.o
 .debug_macro   0x000012bb       0x2e ./Core/Src/GPIOinputs.o
 .debug_macro   0x000012e9       0x28 ./Core/Src/GPIOinputs.o
 .debug_macro   0x00001311       0x1c ./Core/Src/GPIOinputs.o
 .debug_macro   0x0000132d       0x22 ./Core/Src/GPIOinputs.o
 .debug_macro   0x0000134f       0xfb ./Core/Src/GPIOinputs.o
 .debug_macro   0x0000144a     0x1011 ./Core/Src/GPIOinputs.o
 .debug_macro   0x0000245b      0x11f ./Core/Src/GPIOinputs.o
 .debug_macro   0x0000257a    0x1a192 ./Core/Src/GPIOinputs.o
 .debug_macro   0x0001c70c       0x6d ./Core/Src/GPIOinputs.o
 .debug_macro   0x0001c779     0x38fb ./Core/Src/GPIOinputs.o
 .debug_macro   0x00020074      0x190 ./Core/Src/GPIOinputs.o
 .debug_macro   0x00020204       0x5c ./Core/Src/GPIOinputs.o
 .debug_macro   0x00020260     0x159e ./Core/Src/GPIOinputs.o
 .debug_macro   0x000217fe      0x5a5 ./Core/Src/GPIOinputs.o
 .debug_macro   0x00021da3      0x1b9 ./Core/Src/GPIOinputs.o
 .debug_macro   0x00021f5c      0x18b ./Core/Src/GPIOinputs.o
 .debug_macro   0x000220e7      0x2c4 ./Core/Src/GPIOinputs.o
 .debug_macro   0x000223ab      0x27a ./Core/Src/GPIOinputs.o
 .debug_macro   0x00022625      0x23d ./Core/Src/GPIOinputs.o
 .debug_macro   0x00022862      0x241 ./Core/Src/GPIOinputs.o
 .debug_macro   0x00022aa3      0x37c ./Core/Src/GPIOinputs.o
 .debug_macro   0x00022e1f       0xd6 ./Core/Src/GPIOinputs.o
 .debug_macro   0x00022ef5      0x122 ./Core/Src/GPIOinputs.o
 .debug_macro   0x00023017      0x3ef ./Core/Src/GPIOinputs.o
 .debug_macro   0x00023406      0x2fe ./Core/Src/GPIOinputs.o
 .debug_macro   0x00023704      0x5cf ./Core/Src/GPIOinputs.o
 .debug_macro   0x00023cd3       0x44 ./Core/Src/GPIOinputs.o
 .debug_macro   0x00023d17      0x330 ./Core/Src/GPIOinputs.o
 .debug_macro   0x00024047       0xf4 ./Core/Src/GPIOinputs.o
 .debug_macro   0x0002413b      0x1df ./Core/Src/SPIhandler.o
 .debug_macro   0x0002431a      0x307 ./Core/Src/main.o
 .debug_macro   0x00024621       0x61 ./Core/Src/main.o
 .debug_macro   0x00024682       0x2a ./Core/Src/main.o
 .debug_macro   0x000246ac       0x43 ./Core/Src/main.o
 .debug_macro   0x000246ef       0x34 ./Core/Src/main.o
 .debug_macro   0x00024723       0x16 ./Core/Src/main.o
 .debug_macro   0x00024739       0x3c ./Core/Src/main.o
 .debug_macro   0x00024775      0x370 ./Core/Src/main.o
 .debug_macro   0x00024ae5       0x10 ./Core/Src/main.o
 .debug_macro   0x00024af5       0x16 ./Core/Src/main.o
 .debug_macro   0x00024b0b       0x4a ./Core/Src/main.o
 .debug_macro   0x00024b55       0x34 ./Core/Src/main.o
 .debug_macro   0x00024b89       0x10 ./Core/Src/main.o
 .debug_macro   0x00024b99       0x58 ./Core/Src/main.o
 .debug_macro   0x00024bf1       0x8e ./Core/Src/main.o
 .debug_macro   0x00024c7f       0x1c ./Core/Src/main.o
 .debug_macro   0x00024c9b      0x185 ./Core/Src/main.o
 .debug_macro   0x00024e20       0x16 ./Core/Src/main.o
 .debug_macro   0x00024e36       0x16 ./Core/Src/main.o
 .debug_macro   0x00024e4c      0x146 ./Core/Src/main.o
 .debug_macro   0x00024f92      0x1df ./Core/Src/stm32l4xx_hal_msp.o
 .debug_macro   0x00025171      0x1e9 ./Core/Src/stm32l4xx_it.o
 .debug_macro   0x0002535a      0x1d0 ./Core/Src/system_stm32l4xx.o
 .debug_macro   0x0002552a      0x2f3 ./Core/Src/test.o
 .debug_macro   0x0002581d      0x21e ./Drivers/STM32L4xx_HAL_Driver/Src/stm32l4xx_hal.o
 .debug_macro   0x00025a3b      0x1d0 ./Drivers/STM32L4xx_HAL_Driver/Src/stm32l4xx_hal_cortex.o
 .debug_macro   0x00025c0b      0x1d7 ./Drivers/STM32L4xx_HAL_Driver/Src/stm32l4xx_hal_gpio.o
 .debug_macro   0x00025de2      0x1f4 ./Drivers/STM32L4xx_HAL_Driver/Src/stm32l4xx_hal_pwr_ex.o
 .debug_macro   0x00025fd6      0x212 ./Drivers/STM32L4xx_HAL_Driver/Src/stm32l4xx_hal_rcc.o
 .debug_macro   0x000261e8      0x206 ./Drivers/STM32L4xx_HAL_Driver/Src/stm32l4xx_hal_rcc_ex.o
 .debug_macro   0x000263ee      0x1d8 ./Drivers/STM32L4xx_HAL_Driver/Src/stm32l4xx_hal_spi.o
 .debug_macro   0x000265c6      0x1fb ./Drivers/STM32L4xx_HAL_Driver/Src/stm32l4xx_hal_uart.o

.debug_line     0x00000000     0xe277
 .debug_line    0x00000000      0x7ff ./Core/Src/GPIOinputs.o
 .debug_line    0x000007ff      0x772 ./Core/Src/SPIhandler.o
 .debug_line    0x00000f71      0xaa8 ./Core/Src/main.o
 .debug_line    0x00001a19      0x81f ./Core/Src/stm32l4xx_hal_msp.o
 .debug_line    0x00002238      0x857 ./Core/Src/stm32l4xx_it.o
 .debug_line    0x00002a8f      0x7fb ./Core/Src/system_stm32l4xx.o
 .debug_line    0x0000328a      0x9fe ./Core/Src/test.o
 .debug_line    0x00003c88       0x7a ./Core/Startup/startup_stm32l476rgtx.o
 .debug_line    0x00003d02      0xb64 ./Drivers/STM32L4xx_HAL_Driver/Src/stm32l4xx_hal.o
 .debug_line    0x00004866      0xcfe ./Drivers/STM32L4xx_HAL_Driver/Src/stm32l4xx_hal_cortex.o
 .debug_line    0x00005564      0xbb7 ./Drivers/STM32L4xx_HAL_Driver/Src/stm32l4xx_hal_gpio.o
 .debug_line    0x0000611b      0xd45 ./Drivers/STM32L4xx_HAL_Driver/Src/stm32l4xx_hal_pwr_ex.o
 .debug_line    0x00006e60     0x10b8 ./Drivers/STM32L4xx_HAL_Driver/Src/stm32l4xx_hal_rcc.o
 .debug_line    0x00007f18     0x1586 ./Drivers/STM32L4xx_HAL_Driver/Src/stm32l4xx_hal_rcc_ex.o
 .debug_line    0x0000949e     0x2043 ./Drivers/STM32L4xx_HAL_Driver/Src/stm32l4xx_hal_spi.o
 .debug_line    0x0000b4e1     0x2d96 ./Drivers/STM32L4xx_HAL_Driver/Src/stm32l4xx_hal_uart.o

.debug_str      0x00000000    0xeb74e
 .debug_str     0x00000000    0xeb74e ./Core/Src/GPIOinputs.o
                              0xe4870 (size before relaxing)
 .debug_str     0x000eb74e    0xe4c88 ./Core/Src/SPIhandler.o
 .debug_str     0x000eb74e    0xe8e5d ./Core/Src/main.o
 .debug_str     0x000eb74e    0xe51db ./Core/Src/stm32l4xx_hal_msp.o
 .debug_str     0x000eb74e    0xe4803 ./Core/Src/stm32l4xx_it.o
 .debug_str     0x000eb74e    0xe4526 ./Core/Src/system_stm32l4xx.o
 .debug_str     0x000eb74e    0xe80e5 ./Core/Src/test.o
 .debug_str     0x000eb74e       0x83 ./Core/Startup/startup_stm32l476rgtx.o
 .debug_str     0x000eb74e    0xe513a ./Drivers/STM32L4xx_HAL_Driver/Src/stm32l4xx_hal.o
 .debug_str     0x000eb74e    0xe4d9f ./Drivers/STM32L4xx_HAL_Driver/Src/stm32l4xx_hal_cortex.o
 .debug_str     0x000eb74e    0xe46b1 ./Drivers/STM32L4xx_HAL_Driver/Src/stm32l4xx_hal_gpio.o
 .debug_str     0x000eb74e    0xe4a81 ./Drivers/STM32L4xx_HAL_Driver/Src/stm32l4xx_hal_pwr_ex.o
 .debug_str     0x000eb74e    0xe4b6c ./Drivers/STM32L4xx_HAL_Driver/Src/stm32l4xx_hal_rcc.o
 .debug_str     0x000eb74e    0xe4cf7 ./Drivers/STM32L4xx_HAL_Driver/Src/stm32l4xx_hal_rcc_ex.o
 .debug_str     0x000eb74e    0xe4d41 ./Drivers/STM32L4xx_HAL_Driver/Src/stm32l4xx_hal_spi.o
 .debug_str     0x000eb74e    0xe527e ./Drivers/STM32L4xx_HAL_Driver/Src/stm32l4xx_hal_uart.o

.comment        0x00000000       0x43
 .comment       0x00000000       0x43 ./Core/Src/GPIOinputs.o
                                 0x44 (size before relaxing)
 .comment       0x00000043       0x44 ./Core/Src/SPIhandler.o
 .comment       0x00000043       0x44 ./Core/Src/main.o
 .comment       0x00000043       0x44 ./Core/Src/stm32l4xx_hal_msp.o
 .comment       0x00000043       0x44 ./Core/Src/stm32l4xx_it.o
 .comment       0x00000043       0x44 ./Core/Src/system_stm32l4xx.o
 .comment       0x00000043       0x44 ./Core/Src/test.o
 .comment       0x00000043       0x44 ./Drivers/STM32L4xx_HAL_Driver/Src/stm32l4xx_hal.o
 .comment       0x00000043       0x44 ./Drivers/STM32L4xx_HAL_Driver/Src/stm32l4xx_hal_cortex.o
 .comment       0x00000043       0x44 ./Drivers/STM32L4xx_HAL_Driver/Src/stm32l4xx_hal_gpio.o
 .comment       0x00000043       0x44 ./Drivers/STM32L4xx_HAL_Driver/Src/stm32l4xx_hal_pwr_ex.o
 .comment       0x00000043       0x44 ./Drivers/STM32L4xx_HAL_Driver/Src/stm32l4xx_hal_rcc.o
 .comment       0x00000043       0x44 ./Drivers/STM32L4xx_HAL_Driver/Src/stm32l4xx_hal_rcc_ex.o
 .comment       0x00000043       0x44 ./Drivers/STM32L4xx_HAL_Driver/Src/stm32l4xx_hal_spi.o
 .comment       0x00000043       0x44 ./Drivers/STM32L4xx_HAL_Driver/Src/stm32l4xx_hal_uart.o

.debug_frame    0x00000000     0x2d40
 .debug_frame   0x00000000       0x50 ./Core/Src/GPIOinputs.o
 .debug_frame   0x00000050       0x50 ./Core/Src/SPIhandler.o
 .debug_frame   0x000000a0       0xc4 ./Core/Src/main.o
 .debug_frame   0x00000164       0xcc ./Core/Src/stm32l4xx_hal_msp.o
 .debug_frame   0x00000230      0x158 ./Core/Src/stm32l4xx_it.o
 .debug_frame   0x00000388       0x58 ./Core/Src/system_stm32l4xx.o
 .debug_frame   0x000003e0       0xf8 ./Core/Src/test.o
 .debug_frame   0x000004d8      0x498 ./Drivers/STM32L4xx_HAL_Driver/Src/stm32l4xx_hal.o
 .debug_frame   0x00000970      0x4e8 ./Drivers/STM32L4xx_HAL_Driver/Src/stm32l4xx_hal_cortex.o
 .debug_frame   0x00000e58      0x14c ./Drivers/STM32L4xx_HAL_Driver/Src/stm32l4xx_hal_gpio.o
 .debug_frame   0x00000fa4      0x584 ./Drivers/STM32L4xx_HAL_Driver/Src/stm32l4xx_hal_pwr_ex.o
 .debug_frame   0x00001528      0x21c ./Drivers/STM32L4xx_HAL_Driver/Src/stm32l4xx_hal_rcc.o
 .debug_frame   0x00001744      0x2fc ./Drivers/STM32L4xx_HAL_Driver/Src/stm32l4xx_hal_rcc_ex.o
 .debug_frame   0x00001a40      0x860 ./Drivers/STM32L4xx_HAL_Driver/Src/stm32l4xx_hal_spi.o
 .debug_frame   0x000022a0      0x9f4 ./Drivers/STM32L4xx_HAL_Driver/Src/stm32l4xx_hal_uart.o
 .debug_frame   0x00002c94       0x20 C:/ST/STM32CubeIDE_1.19.0/STM32CubeIDE/plugins/com.st.stm32cube.ide.mcu.externaltools.gnu-tools-for-stm32.13.3.rel1.win32_1.0.0.202411081344/tools/bin/../lib/gcc/arm-none-eabi/13.3.1/../../../../arm-none-eabi/lib/thumb/v7e-m+fp/hard\libc_nano.a(libc_a-memset.o)
 .debug_frame   0x00002cb4       0x2c C:/ST/STM32CubeIDE_1.19.0/STM32CubeIDE/plugins/com.st.stm32cube.ide.mcu.externaltools.gnu-tools-for-stm32.13.3.rel1.win32_1.0.0.202411081344/tools/bin/../lib/gcc/arm-none-eabi/13.3.1/../../../../arm-none-eabi/lib/thumb/v7e-m+fp/hard\libc_nano.a(libc_a-init.o)
 .debug_frame   0x00002ce0       0x2c C:/ST/STM32CubeIDE_1.19.0/STM32CubeIDE/plugins/com.st.stm32cube.ide.mcu.externaltools.gnu-tools-for-stm32.13.3.rel1.win32_1.0.0.202411081344/tools/bin/../lib/gcc/arm-none-eabi/13.3.1/thumb/v7e-m+fp/hard\libgcc.a(_aeabi_uldivmod.o)
 .debug_frame   0x00002d0c       0x34 C:/ST/STM32CubeIDE_1.19.0/STM32CubeIDE/plugins/com.st.stm32cube.ide.mcu.externaltools.gnu-tools-for-stm32.13.3.rel1.win32_1.0.0.202411081344/tools/bin/../lib/gcc/arm-none-eabi/13.3.1/thumb/v7e-m+fp/hard\libgcc.a(_udivmoddi4.o)

.debug_line_str
                0x00000000       0x67
 .debug_line_str
                0x00000000       0x67 ./Core/Startup/startup_stm32l476rgtx.o
