Archive member included to satisfy reference by file (symbol)

C:/ST/STM32CubeIDE_1.19.0/STM32CubeIDE/plugins/com.st.stm32cube.ide.mcu.externaltools.gnu-tools-for-stm32.13.3.rel1.win32_1.0.0.202411081344/tools/bin/../lib/gcc/arm-none-eabi/13.3.1/../../../../arm-none-eabi/lib/thumb/v7e-m+fp/hard\libc_nano.a(libc_a-exit.o)
                              C:/ST/STM32CubeIDE_1.19.0/STM32CubeIDE/plugins/com.st.stm32cube.ide.mcu.externaltools.gnu-tools-for-stm32.13.3.rel1.win32_1.0.0.202411081344/tools/bin/../lib/gcc/arm-none-eabi/13.3.1/../../../../arm-none-eabi/lib/thumb/v7e-m+fp/hard/crt0.o (exit)
C:/ST/STM32CubeIDE_1.19.0/STM32CubeIDE/plugins/com.st.stm32cube.ide.mcu.externaltools.gnu-tools-for-stm32.13.3.rel1.win32_1.0.0.202411081344/tools/bin/../lib/gcc/arm-none-eabi/13.3.1/../../../../arm-none-eabi/lib/thumb/v7e-m+fp/hard\libc_nano.a(libc_a-findfp.o)
                              C:/ST/STM32CubeIDE_1.19.0/STM32CubeIDE/plugins/com.st.stm32cube.ide.mcu.externaltools.gnu-tools-for-stm32.13.3.rel1.win32_1.0.0.202411081344/tools/bin/../lib/gcc/arm-none-eabi/13.3.1/../../../../arm-none-eabi/lib/thumb/v7e-m+fp/hard\libc_nano.a(libc_a-exit.o) (__stdio_exit_handler)
C:/ST/STM32CubeIDE_1.19.0/STM32CubeIDE/plugins/com.st.stm32cube.ide.mcu.externaltools.gnu-tools-for-stm32.13.3.rel1.win32_1.0.0.202411081344/tools/bin/../lib/gcc/arm-none-eabi/13.3.1/../../../../arm-none-eabi/lib/thumb/v7e-m+fp/hard\libc_nano.a(libc_a-fwalk.o)
                              C:/ST/STM32CubeIDE_1.19.0/STM32CubeIDE/plugins/com.st.stm32cube.ide.mcu.externaltools.gnu-tools-for-stm32.13.3.rel1.win32_1.0.0.202411081344/tools/bin/../lib/gcc/arm-none-eabi/13.3.1/../../../../arm-none-eabi/lib/thumb/v7e-m+fp/hard\libc_nano.a(libc_a-findfp.o) (_fwalk_sglue)
C:/ST/STM32CubeIDE_1.19.0/STM32CubeIDE/plugins/com.st.stm32cube.ide.mcu.externaltools.gnu-tools-for-stm32.13.3.rel1.win32_1.0.0.202411081344/tools/bin/../lib/gcc/arm-none-eabi/13.3.1/../../../../arm-none-eabi/lib/thumb/v7e-m+fp/hard\libc_nano.a(libc_a-stdio.o)
                              C:/ST/STM32CubeIDE_1.19.0/STM32CubeIDE/plugins/com.st.stm32cube.ide.mcu.externaltools.gnu-tools-for-stm32.13.3.rel1.win32_1.0.0.202411081344/tools/bin/../lib/gcc/arm-none-eabi/13.3.1/../../../../arm-none-eabi/lib/thumb/v7e-m+fp/hard\libc_nano.a(libc_a-findfp.o) (__sread)
C:/ST/STM32CubeIDE_1.19.0/STM32CubeIDE/plugins/com.st.stm32cube.ide.mcu.externaltools.gnu-tools-for-stm32.13.3.rel1.win32_1.0.0.202411081344/tools/bin/../lib/gcc/arm-none-eabi/13.3.1/../../../../arm-none-eabi/lib/thumb/v7e-m+fp/hard\libc_nano.a(libc_a-memset.o)
                              C:/ST/STM32CubeIDE_1.19.0/STM32CubeIDE/plugins/com.st.stm32cube.ide.mcu.externaltools.gnu-tools-for-stm32.13.3.rel1.win32_1.0.0.202411081344/tools/bin/../lib/gcc/arm-none-eabi/13.3.1/../../../../arm-none-eabi/lib/thumb/v7e-m+fp/hard/crt0.o (memset)
C:/ST/STM32CubeIDE_1.19.0/STM32CubeIDE/plugins/com.st.stm32cube.ide.mcu.externaltools.gnu-tools-for-stm32.13.3.rel1.win32_1.0.0.202411081344/tools/bin/../lib/gcc/arm-none-eabi/13.3.1/../../../../arm-none-eabi/lib/thumb/v7e-m+fp/hard\libc_nano.a(libc_a-closer.o)
                              C:/ST/STM32CubeIDE_1.19.0/STM32CubeIDE/plugins/com.st.stm32cube.ide.mcu.externaltools.gnu-tools-for-stm32.13.3.rel1.win32_1.0.0.202411081344/tools/bin/../lib/gcc/arm-none-eabi/13.3.1/../../../../arm-none-eabi/lib/thumb/v7e-m+fp/hard\libc_nano.a(libc_a-stdio.o) (_close_r)
C:/ST/STM32CubeIDE_1.19.0/STM32CubeIDE/plugins/com.st.stm32cube.ide.mcu.externaltools.gnu-tools-for-stm32.13.3.rel1.win32_1.0.0.202411081344/tools/bin/../lib/gcc/arm-none-eabi/13.3.1/../../../../arm-none-eabi/lib/thumb/v7e-m+fp/hard\libc_nano.a(libc_a-reent.o)
                              C:/ST/STM32CubeIDE_1.19.0/STM32CubeIDE/plugins/com.st.stm32cube.ide.mcu.externaltools.gnu-tools-for-stm32.13.3.rel1.win32_1.0.0.202411081344/tools/bin/../lib/gcc/arm-none-eabi/13.3.1/../../../../arm-none-eabi/lib/thumb/v7e-m+fp/hard\libc_nano.a(libc_a-closer.o) (errno)
C:/ST/STM32CubeIDE_1.19.0/STM32CubeIDE/plugins/com.st.stm32cube.ide.mcu.externaltools.gnu-tools-for-stm32.13.3.rel1.win32_1.0.0.202411081344/tools/bin/../lib/gcc/arm-none-eabi/13.3.1/../../../../arm-none-eabi/lib/thumb/v7e-m+fp/hard\libc_nano.a(libc_a-impure.o)
                              C:/ST/STM32CubeIDE_1.19.0/STM32CubeIDE/plugins/com.st.stm32cube.ide.mcu.externaltools.gnu-tools-for-stm32.13.3.rel1.win32_1.0.0.202411081344/tools/bin/../lib/gcc/arm-none-eabi/13.3.1/../../../../arm-none-eabi/lib/thumb/v7e-m+fp/hard\libc_nano.a(libc_a-reent.o) (_impure_ptr)
C:/ST/STM32CubeIDE_1.19.0/STM32CubeIDE/plugins/com.st.stm32cube.ide.mcu.externaltools.gnu-tools-for-stm32.13.3.rel1.win32_1.0.0.202411081344/tools/bin/../lib/gcc/arm-none-eabi/13.3.1/../../../../arm-none-eabi/lib/thumb/v7e-m+fp/hard\libc_nano.a(libc_a-lseekr.o)
[...]
Memory Configuration

Name             Origin             Length             Attributes
RAM              0x20000000         0x00018000         xrw
RAM2             0x10000000         0x00008000         xrw
FLASH            0x08000000         0x00100000         xr
*default*        0x00000000         0xffffffff

Linker script and memory map

LOAD C:/ST/STM32CubeIDE_1.19.0/STM32CubeIDE/plugins/com.st.stm32cube.ide.mcu.externaltools.gnu-tools-for-stm32.13.3.rel1.win32_1.0.0.202411081344/tools/bin/../lib/gcc/arm-none-eabi/13.3.1/thumb/v7e-m+fp/hard/crti.o
LOAD C:/ST/STM32CubeIDE_1.19.0/STM32CubeIDE/plugins/com.st.stm32cube.ide.mcu.externaltools.gnu-tools-for-stm32.13.3.rel1.win32_1.0.0.202411081344/tools/bin/../lib/gcc/arm-none-eabi/13.3.1/thumb/v7e-m+fp/hard/crtbegin.o
LOAD C:/ST/STM32CubeIDE_1.19.0/STM32CubeIDE/plugins/com.st.stm32cube.ide.mcu.externaltools.gnu-tools-for-stm32.13.3.rel1.win32_1.0.0.202411081344/tools/bin/../lib/gcc/arm-none-eabi/13.3.1/../../../../arm-none-eabi/lib/thumb/v7e-m+fp/hard/crt0.o
LOAD ./Core/Src/GPIOinputs.o
LOAD ./Core/Src/SPIhandler.o
LOAD ./Core/Src/main.o
LOAD ./Core/Src/stm32l4xx_hal_msp.o
LOAD ./Core/Src/stm32l4xx_it.o
LOAD ./Core/Src/syscalls.o
LOAD ./Core/Src/sysmem.o
LOAD ./Core/Src/system_stm32l4xx.o
LOAD ./Core/Src/test.o
LOAD ./Core/Startup/startup_stm32l476rgtx.o
LOAD ./Drivers/STM32L4xx_HAL_Driver/Src/stm32l4xx_hal.o
LOAD ./Drivers/STM32L4xx_HAL_Driver/Src/stm32l4xx_hal_cortex.o
LOAD ./Drivers/STM32L4xx_HAL_Driver/Src/stm32l4xx_hal_dma.o
LOAD ./Drivers/STM32L4xx_HAL_Driver/Src/stm32l4xx_hal_dma_ex.o
LOAD ./Drivers/STM32L4xx_HAL_Driver/Src/stm32l4xx_hal_exti.o
LOAD ./Drivers/STM32L4xx_HAL_Driver/Src/stm32l4xx_hal_flash.o
LOAD ./Drivers/STM32L4xx_HAL_Driver/Src/stm32l4xx_hal_flash_ex.o
LOAD ./Drivers/STM32L4xx_HAL_Driver/Src/stm32l4xx_hal_flash_ramfunc.o
LOAD ./Drivers/STM32L4xx_HAL_Driver/Src/stm32l4xx_hal_gpio.o
LOAD ./Drivers/STM32L4xx_HAL_Driver/Src/stm32l4xx_hal_i2c.o
LOAD ./Drivers/STM32L4xx_HAL_Driver/Src/stm32l4xx_hal_i2c_ex.o
LOAD ./Drivers/STM32L4xx_HAL_Driver/Src/stm32l4xx_hal_pwr.o
LOAD ./Drivers/STM32L4xx_HAL_Driver/Src/stm32l4xx_hal_pwr_ex.o
LOAD ./Drivers/STM32L4xx_HAL_Driver/Src/stm32l4xx_hal_rcc.o
LOAD ./Drivers/STM32L4xx_HAL_Driver/Src/stm32l4xx_hal_rcc_ex.o
LOAD ./Drivers/STM32L4xx_HAL_Driver/Src/stm32l4xx_hal_spi.o
LOAD ./Drivers/STM32L4xx_HAL_Driver/Src/stm32l4xx_hal_spi_ex.o
LOAD ./Drivers/STM32L4xx_HAL_Driver/Src/stm32l4xx_hal_uart.o
LOAD ./Drivers/STM32L4xx_HAL_Driver/Src/stm32l4xx_hal_uart_ex.o
START GROUP
LOAD C:/ST/STM32CubeIDE_1.19.0/STM32CubeIDE/plugins/com.st.stm32cube.ide.mcu.externaltools.gnu-tools-for-stm32.13.3.rel1.win32_1.0.0.202411081344/tools/bin/../lib/gcc/arm-none-eabi/13.3.1/../../../../arm-none-eabi/lib/thumb/v7e-m+fp/hard\libc_nano.a
LOAD C:/ST/STM32CubeIDE_1.19.0/STM32CubeIDE/plugins/com.st.stm32cube.ide.mcu.externaltools.gnu-tools-for-stm32.13.3.rel1.win32_1.0.0.202411081344/tools/bin/../lib/gcc/arm-none-eabi/13.3.1/../../../../arm-none-eabi/lib/thumb/v7e-m+fp/hard\libm.a
END GROUP
START GROUP
LOAD C:/ST/STM32CubeIDE_1.19.0/STM32CubeIDE/plugins/com.st.stm32cube.ide.mcu.externaltools.gnu-tools-for-stm32.13.3.rel1.win32_1.0.0.202411081344/tools/bin/../lib/gcc/arm-none-eabi/13.3.1/thumb/v7e-m+fp/hard\libgcc.a
LOAD C:/ST/STM32CubeIDE_1.19.0/STM32CubeIDE/plugins/com.st.stm32cube.ide.mcu.externaltools.gnu-tools-for-stm32.13.3.rel1.win32_1.0.0.202411081344/tools/bin/../lib/gcc/arm-none-eabi/13.3.1/../../../../arm-none-eabi/lib/thumb/v7e-m+fp/hard\libc_nano.a
END GROUP
START GROUP
LOAD C:/ST/STM32CubeIDE_1.19.0/STM32CubeIDE/plugins/com.st.stm32cube.ide.mcu.externaltools.gnu-tools-for-stm32.13.3.rel1.win32_1.0.0.202411081344/tools/bin/../lib/gcc/arm-none-eabi/13.3.1/thumb/v7e-m+fp/hard\libgcc.a
LOAD C:/ST/STM32CubeIDE_1.19.0/STM32CubeIDE/plugins/com.st.stm32cube.ide.mcu.externaltools.gnu-tools-for-stm32.13.3.rel1.win32_1.0.0.202411081344/tools/bin/../lib/gcc/arm-none-eabi/13.3.1/../../../../arm-none-eabi/lib/thumb/v7e-m+fp/hard\libc_nano.a
LOAD C:/ST/STM32CubeIDE_1.19.0/STM32CubeIDE/plugins/com.st.stm32cube.ide.mcu.externaltools.gnu-tools-for-stm32.13.3.rel1.win32_1.0.0.202411081344/tools/bin/../lib/gcc/arm-none-eabi/13.3.1/../../../../arm-none-eabi/lib/thumb/v7e-m+fp/hard\libnosys.a
END GROUP
START GROUP
LOAD C:/ST/STM32CubeIDE_1.19.0/STM32CubeIDE/plugins/com.st.stm32cube.ide.mcu.externaltools.gnu-tools-for-stm32.13.3.rel1.win32_1.0.0.202411081344/tools/bin/../lib/gcc/arm-none-eabi/13.3.1/thumb/v7e-m+fp/hard\libgcc.a
LOAD C:/ST/STM32CubeIDE_1.19.0/STM32CubeIDE/plugins/com.st.stm32cube.ide.mcu.externaltools.gnu-tools-for-stm32.13.3.rel1.win32_1.0.0.202411081344/tools/bin/../lib/gcc/arm-none-eabi/13.3.1/../../../../arm-none-eabi/lib/thumb/v7e-m+fp/hard\libc_nano.a
LOAD C:/ST/STM32CubeIDE_1.19.0/STM32CubeIDE/plugins/com.st.stm32cube.ide.mcu.externaltools.gnu-tools-for-stm32.13.3.rel1.win32_1.0.0.202411081344/tools/bin/../lib/gcc/arm-none-eabi/13.3.1/../../../../arm-none-eabi/lib/thumb/v7e-m+fp/hard\libnosys.a
END GROUP
LOAD C:/ST/STM32CubeIDE_1.19.0/STM32CubeIDE/plugins/com.st.stm32cube.ide.mcu.externaltools.gnu-tools-for-stm32.13.3.rel1.win32_1.0.0.202411081344/tools/bin/../lib/gcc/arm-none-eabi/13.3.1/thumb/v7e-m+fp/hard/crtend.o
LOAD C:/ST/STM32CubeIDE_1.19.0/STM32CubeIDE/plugins/com.st.stm32cube.ide.mcu.externaltools.gnu-tools-for-stm32.13.3.rel1.win32_1.0.0.202411081344/tools/bin/../lib/gcc/arm-none-eabi/13.3.1/thumb/v7e-m+fp/hard/crtn.o
                0x20018000                        _estack = (ORIGIN (RAM) + LENGTH (RAM))
                0x00000200                        _Min_Heap_Size = 0x200
                0x00000400                        _Min_Stack_Size = 0x400

.isr_vector     0x08000000      0x188
                0x08000000                        . = ALIGN (0x4)
 *(.isr_vector)
 .isr_vector    0x08000000      0x188 ./Core/Startup/startup_stm32l476rgtx.o
                0x08000000                g_pfnVectors
                0x08000188                        . = ALIGN (0x4)

.text           0x08000188     0x3a10
                0x08000188                        . = ALIGN (0x4)
 *(.text)
 .text          0x08000188       0x40 C:/ST/STM32CubeIDE_1.19.0/STM32CubeIDE/plugins/com.st.stm32cube.ide.mcu.externaltools.gnu-tools-for-stm32.13.3.rel1.win32_1.0.0.202411081344/tools/bin/../lib/gcc/arm-none-eabi/13.3.1/thumb/v7e-m+fp/hard/crtbegin.o
 .text          0x080001c8       0x30 C:/ST/STM32CubeIDE_1.19.0/STM32CubeIDE/plugins/com.st.stm32cube.ide.mcu.externaltools.gnu-tools-for-stm32.13.3.rel1.win32_1.0.0.202411081344/tools/bin/../lib/gcc/arm-none-eabi/13.3.1/thumb/v7e-m+fp/hard\libgcc.a(_aeabi_uldivmod.o)
                0x080001c8                __aeabi_uldivmod
 .text          0x080001f8      0x2f8 C:/ST/STM32CubeIDE_1.19.0/STM32CubeIDE/plugins/com.st.stm32cube.ide.mcu.externaltools.gnu-tools-for-stm32.13.3.rel1.win32_1.0.0.202411081344/tools/bin/../lib/gcc/arm-none-eabi/13.3.1/thumb/v7e-m+fp/hard\libgcc.a(_udivmoddi4.o)
                0x080001f8                __udivmoddi4
 .text          0x080004f0        0x4 C:/ST/STM32CubeIDE_1.19.0/STM32CubeIDE/plugins/com.st.stm32cube.ide.mcu.externaltools.gnu-tools-for-stm32.13.3.rel1.win32_1.0.0.202411081344/tools/bin/../lib/gcc/arm-none-eabi/13.3.1/thumb/v7e-m+fp/hard\libgcc.a(_dvmd_tls.o)
                0x080004f0                __aeabi_idiv0
                0x080004f0                __aeabi_ldiv0
 *(.text*)
 .text.HAL_GPIO_EXTI_Callback
                0x080004f4       0xe8 ./Core/Src/GPIOinputs.o
                0x080004f4                HAL_GPIO_EXTI_Callback
 .text.SPIinit  0x080005dc       0x34 ./Core/Src/SPIhandler.o
                0x080005dc                SPIinit
 .text.SPIshow_state
                0x08000610       0x3c ./Core/Src/SPIhandler.o
                0x08000610                SPIshow_state
 .text.main     0x0800064c       0x2c ./Core/Src/main.o
                0x0800064c                main
 .text.SystemClock_Config
                0x08000678       0xa2 ./Core/Src/main.o
                0x08000678                SystemClock_Config
 *fill*         0x0800071a        0x2 
 .text.MX_SPI3_Init
                0x0800071c       0x7c ./Core/Src/main.o
 .text.MX_USART2_UART_Init
                0x08000798       0x60 ./Core/Src/main.o
 .text.MX_GPIO_Init
                0x080007f8      0x1c4 ./Core/Src/main.o
 .text.Error_Handler
                0x080009bc        0xc ./Core/Src/main.o
                0x080009bc                Error_Handler
 .text.HAL_MspInit
                0x080009c8       0x48 ./Core/Src/stm32l4xx_hal_msp.o
                0x080009c8                HAL_MspInit
 .text.HAL_SPI_MspInit
                0x08000a10       0xc4 ./Core/Src/stm32l4xx_hal_msp.o
                0x08000a10                HAL_SPI_MspInit
 .text.HAL_UART_MspInit
                0x08000ad4       0xb8 ./Core/Src/stm32l4xx_hal_msp.o
                0x08000ad4                HAL_UART_MspInit
 .text.NMI_Handler
                0x08000b8c        0x8 ./Core/Src/stm32l4xx_it.o
                0x08000b8c                NMI_Handler
 .text.HardFault_Handler
                0x08000b94        0x8 ./Core/Src/stm32l4xx_it.o
                0x08000b94                HardFault_Handler
 .text.MemManage_Handler
                0x08000b9c        0x8 ./Core/Src/stm32l4xx_it.o
                0x08000b9c                MemManage_Handler
 .text.BusFault_Handler
                0x08000ba4        0x8 ./Core/Src/stm32l4xx_it.o
                0x08000ba4                BusFault_Handler
 .text.UsageFault_Handler
                0x08000bac        0x8 ./Core/Src/stm32l4xx_it.o
                0x08000bac                UsageFault_Handler
 .text.SVC_Handler
                0x08000bb4        0xe ./Core/Src/stm32l4xx_it.o
                0x08000bb4                SVC_Handler
 .text.DebugMon_Handler
                0x08000bc2        0xe ./Core/Src/stm32l4xx_it.o
                0x08000bc2                DebugMon_Handler
 .text.PendSV_Handler
                0x08000bd0        0xe ./Core/Src/stm32l4xx_it.o
                0x08000bd0                PendSV_Handler
 .text.SysTick_Handler
                0x08000bde        0xc ./Core/Src/stm32l4xx_it.o
                0x08000bde                SysTick_Handler
 .text.EXTI4_IRQHandler
                0x08000bea        0xe ./Core/Src/stm32l4xx_it.o
                0x08000bea                EXTI4_IRQHandler
 .text.EXTI9_5_IRQHandler
                0x08000bf8        0xe ./Core/Src/stm32l4xx_it.o
                0x08000bf8                EXTI9_5_IRQHandler
 .text.EXTI15_10_IRQHandler
                0x08000c06       0x28 ./Core/Src/stm32l4xx_it.o
                0x08000c06                EXTI15_10_IRQHandler
 *fill*         0x08000c2e        0x2 
 .text.SystemInit
                0x08000c30       0x24 ./Core/Src/system_stm32l4xx.o
                0x08000c30                SystemInit
 .text.Reset_Handler
                0x08000c54       0x50 ./Core/Startup/startup_stm32l476rgtx.o
                0x08000c54                Reset_Handler
 .text.Default_Handler
                0x08000ca4        0x2 ./Core/Startup/startup_stm32l476rgtx.o
                0x08000ca4                RTC_Alarm_IRQHandler
                0x08000ca4                EXTI2_IRQHandler
                0x08000ca4                TIM8_TRG_COM_IRQHandler
                0x08000ca4                TIM8_CC_IRQHandler
                0x08000ca4                TIM1_CC_IRQHandler
                0x08000ca4                TSC_IRQHandler
                0x08000ca4                TAMP_STAMP_IRQHandler
                0x08000ca4                EXTI3_IRQHandler
                0x08000ca4                LPTIM2_IRQHandler
                0x08000ca4                DFSDM1_FLT1_IRQHandler
                0x08000ca4                I2C3_ER_IRQHandler
                0x08000ca4                DFSDM1_FLT2_IRQHandler
                0x08000ca4                EXTI0_IRQHandler
                0x08000ca4                I2C2_EV_IRQHandler
                0x08000ca4                CAN1_RX0_IRQHandler
                0x08000ca4                FPU_IRQHandler
                0x08000ca4                TIM1_UP_TIM16_IRQHandler
                0x08000ca4                ADC1_2_IRQHandler
                0x08000ca4                SPI1_IRQHandler
                0x08000ca4                TIM6_DAC_IRQHandler
                0x08000ca4                TIM8_UP_IRQHandler
                0x08000ca4                DMA2_Channel2_IRQHandler
                0x08000ca4                DMA1_Channel4_IRQHandler
                0x08000ca4                SAI2_IRQHandler
                0x08000ca4                DFSDM1_FLT3_IRQHandler
                0x08000ca4                USART3_IRQHandler
                0x08000ca4                DMA1_Channel7_IRQHandler
                0x08000ca4                CAN1_RX1_IRQHandler
                0x08000ca4                LCD_IRQHandler
                0x08000ca4                UART5_IRQHandler
                0x08000ca4                ADC3_IRQHandler
                0x08000ca4                TIM4_IRQHandler
                0x08000ca4                DMA2_Channel1_IRQHandler
                0x08000ca4                QUADSPI_IRQHandler
                0x08000ca4                I2C1_EV_IRQHandler
                0x08000ca4                DMA1_Channel6_IRQHandler
                0x08000ca4                UART4_IRQHandler
                0x08000ca4                DMA2_Channel4_IRQHandler
                0x08000ca4                TIM3_IRQHandler
                0x08000ca4                RCC_IRQHandler
                0x08000ca4                DMA1_Channel1_IRQHandler
                0x08000ca4                Default_Handler
                0x08000ca4                DMA2_Channel7_IRQHandler
                0x08000ca4                TIM7_IRQHandler
                0x08000ca4                SDMMC1_IRQHandler
                0x08000ca4                TIM5_IRQHandler
                0x08000ca4                I2C3_EV_IRQHandler
                0x08000ca4                RTC_WKUP_IRQHandler
                0x08000ca4                PVD_PVM_IRQHandler
                0x08000ca4                SPI2_IRQHandler
                0x08000ca4                CAN1_TX_IRQHandler
                0x08000ca4                DMA2_Channel5_IRQHandler
                0x08000ca4                DMA1_Channel5_IRQHandler
                0x08000ca4                RNG_IRQHandler
                0x08000ca4                TIM1_TRG_COM_TIM17_IRQHandler
                0x08000ca4                DMA1_Channel3_IRQHandler
                0x08000ca4                COMP_IRQHandler
                0x08000ca4                WWDG_IRQHandler
                0x08000ca4                LPUART1_IRQHandler
                0x08000ca4                DMA2_Channel6_IRQHandler
                0x08000ca4                TIM2_IRQHandler
                0x08000ca4                EXTI1_IRQHandler
                0x08000ca4                USART2_IRQHandler
                0x08000ca4                DFSDM1_FLT0_IRQHandler
                0x08000ca4                I2C2_ER_IRQHandler
                0x08000ca4                DMA1_Channel2_IRQHandler
                0x08000ca4                TIM8_BRK_IRQHandler
                0x08000ca4                CAN1_SCE_IRQHandler
                0x08000ca4                FLASH_IRQHandler
                0x08000ca4                USART1_IRQHandler
                0x08000ca4                OTG_FS_IRQHandler
                0x08000ca4                SPI3_IRQHandler
                0x08000ca4                I2C1_ER_IRQHandler
                0x08000ca4                FMC_IRQHandler
                0x08000ca4                SWPMI1_IRQHandler
                0x08000ca4                LPTIM1_IRQHandler
                0x08000ca4                SAI1_IRQHandler
                0x08000ca4                DMA2_Channel3_IRQHandler
                0x08000ca4                TIM1_BRK_TIM15_IRQHandler
 *fill*         0x08000ca6        0x2 
 .text.HAL_Init
                0x08000ca8       0x40 ./Drivers/STM32L4xx_HAL_Driver/Src/stm32l4xx_hal.o
                0x08000ca8                HAL_Init
 .text.HAL_InitTick
                0x08000ce8       0x78 ./Drivers/STM32L4xx_HAL_Driver/Src/stm32l4xx_hal.o
                0x08000ce8                HAL_InitTick
 .text.HAL_IncTick
                0x08000d60       0x28 ./Drivers/STM32L4xx_HAL_Driver/Src/stm32l4xx_hal.o
                0x08000d60                HAL_IncTick
 .text.HAL_GetTick
                0x08000d88       0x18 ./Drivers/STM32L4xx_HAL_Driver/Src/stm32l4xx_hal.o
                0x08000d88                HAL_GetTick
 .text.__NVIC_SetPriorityGrouping
                0x08000da0       0x48 ./Drivers/STM32L4xx_HAL_Driver/Src/stm32l4xx_hal_cortex.o
 .text.__NVIC_GetPriorityGrouping
                0x08000de8       0x1c ./Drivers/STM32L4xx_HAL_Driver/Src/stm32l4xx_hal_cortex.o
 .text.__NVIC_EnableIRQ
                0x08000e04       0x3c ./Drivers/STM32L4xx_HAL_Driver/Src/stm32l4xx_hal_cortex.o
 .text.__NVIC_SetPriority
                0x08000e40       0x54 ./Drivers/STM32L4xx_HAL_Driver/Src/stm32l4xx_hal_cortex.o
 .text.NVIC_EncodePriority
                0x08000e94       0x66 ./Drivers/STM32L4xx_HAL_Driver/Src/stm32l4xx_hal_cortex.o
 *fill*         0x08000efa        0x2 
 .text.SysTick_Config
                0x08000efc       0x44 ./Drivers/STM32L4xx_HAL_Driver/Src/stm32l4xx_hal_cortex.o
 .text.HAL_NVIC_SetPriorityGrouping
                0x08000f40       0x16 ./Drivers/STM32L4xx_HAL_Driver/Src/stm32l4xx_hal_cortex.o
                0x08000f40                HAL_NVIC_SetPriorityGrouping
 .text.HAL_NVIC_SetPriority
                0x08000f56       0x38 ./Drivers/STM32L4xx_HAL_Driver/Src/stm32l4xx_hal_cortex.o
                0x08000f56                HAL_NVIC_SetPriority
 .text.HAL_NVIC_EnableIRQ
                0x08000f8e       0x1c ./Drivers/STM32L4xx_HAL_Driver/Src/stm32l4xx_hal_cortex.o
                0x08000f8e                HAL_NVIC_EnableIRQ
 .text.HAL_SYSTICK_Config
                0x08000faa       0x18 ./Drivers/STM32L4xx_HAL_Driver/Src/stm32l4xx_hal_cortex.o
                0x08000faa                HAL_SYSTICK_Config
 *fill*         0x08000fc2        0x2 
 .text.HAL_GPIO_Init
                0x08000fc4      0x354 ./Drivers/STM32L4xx_HAL_Driver/Src/stm32l4xx_hal_gpio.o
                0x08000fc4                HAL_GPIO_Init
 .text.HAL_GPIO_ReadPin
                0x08001318       0x30 ./Drivers/STM32L4xx_HAL_Driver/Src/stm32l4xx_hal_gpio.o
                0x08001318                HAL_GPIO_ReadPin
 .text.HAL_GPIO_WritePin
                0x08001348       0x30 ./Drivers/STM32L4xx_HAL_Driver/Src/stm32l4xx_hal_gpio.o
                0x08001348                HAL_GPIO_WritePin
 .text.HAL_GPIO_EXTI_IRQHandler
                0x08001378       0x30 ./Drivers/STM32L4xx_HAL_Driver/Src/stm32l4xx_hal_gpio.o
                0x08001378                HAL_GPIO_EXTI_IRQHandler
 .text.HAL_PWREx_GetVoltageRange
                0x080013a8       0x1c ./Drivers/STM32L4xx_HAL_Driver/Src/stm32l4xx_hal_pwr_ex.o
                0x080013a8                HAL_PWREx_GetVoltageRange
 .text.HAL_PWREx_ControlVoltageScaling
                0x080013c4       0xac ./Drivers/STM32L4xx_HAL_Driver/Src/stm32l4xx_hal_pwr_ex.o
                0x080013c4                HAL_PWREx_ControlVoltageScaling
 .text.HAL_RCC_OscConfig
                0x08001470      0x7b8 ./Drivers/STM32L4xx_HAL_Driver/Src/stm32l4xx_hal_rcc.o
                0x08001470                HAL_RCC_OscConfig
 .text.HAL_RCC_ClockConfig
                0x08001c28      0x200 ./Drivers/STM32L4xx_HAL_Driver/Src/stm32l4xx_hal_rcc.o
                0x08001c28                HAL_RCC_ClockConfig
 .text.HAL_RCC_GetSysClockFreq
                0x08001e28      0x118 ./Drivers/STM32L4xx_HAL_Driver/Src/stm32l4xx_hal_rcc.o
                0x08001e28                HAL_RCC_GetSysClockFreq
 .text.HAL_RCC_GetHCLKFreq
                0x08001f40       0x18 ./Drivers/STM32L4xx_HAL_Driver/Src/stm32l4xx_hal_rcc.o
                0x08001f40                HAL_RCC_GetHCLKFreq
 .text.HAL_RCC_GetPCLK1Freq
                0x08001f58       0x2c ./Drivers/STM32L4xx_HAL_Driver/Src/stm32l4xx_hal_rcc.o
                0x08001f58                HAL_RCC_GetPCLK1Freq
 .text.HAL_RCC_GetPCLK2Freq
                0x08001f84       0x2c ./Drivers/STM32L4xx_HAL_Driver/Src/stm32l4xx_hal_rcc.o
                0x08001f84                HAL_RCC_GetPCLK2Freq
 .text.RCC_SetFlashLatencyFromMSIRange
                0x08001fb0       0xc0 ./Drivers/STM32L4xx_HAL_Driver/Src/stm32l4xx_hal_rcc.o
 .text.HAL_RCCEx_PeriphCLKConfig
                0x08002070      0x5d4 ./Drivers/STM32L4xx_HAL_Driver/Src/stm32l4xx_hal_rcc_ex.o
                0x08002070                HAL_RCCEx_PeriphCLKConfig
 .text.RCCEx_PLLSAI1_Config
                0x08002644      0x1e8 ./Drivers/STM32L4xx_HAL_Driver/Src/stm32l4xx_hal_rcc_ex.o
 .text.RCCEx_PLLSAI2_Config
                0x0800282c      0x1bc ./Drivers/STM32L4xx_HAL_Driver/Src/stm32l4xx_hal_rcc_ex.o
 .text.HAL_SPI_Init
                0x080029e8      0x146 ./Drivers/STM32L4xx_HAL_Driver/Src/stm32l4xx_hal_spi.o
                0x080029e8                HAL_SPI_Init
 .text.HAL_SPI_Transmit
                0x08002b2e      0x2ec ./Drivers/STM32L4xx_HAL_Driver/Src/stm32l4xx_hal_spi.o
                0x08002b2e                HAL_SPI_Transmit
 *fill*         0x08002e1a        0x2 
 .text.SPI_WaitFlagStateUntilTimeout
                0x08002e1c      0x110 ./Drivers/STM32L4xx_HAL_Driver/Src/stm32l4xx_hal_spi.o
 .text.SPI_WaitFifoStateUntilTimeout
                0x08002f2c      0x12c ./Drivers/STM32L4xx_HAL_Driver/Src/stm32l4xx_hal_spi.o
 .text.SPI_EndRxTxTransaction
                0x08003058       0x8c ./Drivers/STM32L4xx_HAL_Driver/Src/stm32l4xx_hal_spi.o
 .text.HAL_UART_Init
                0x080030e4       0x9c ./Drivers/STM32L4xx_HAL_Driver/Src/stm32l4xx_hal_uart.o
                0x080030e4                HAL_UART_Init
 .text.UART_SetConfig
                0x08003180      0x570 ./Drivers/STM32L4xx_HAL_Driver/Src/stm32l4xx_hal_uart.o
                0x08003180                UART_SetConfig
 .text.UART_AdvFeatureConfig
                0x080036f0      0x144 ./Drivers/STM32L4xx_HAL_Driver/Src/stm32l4xx_hal_uart.o
                0x080036f0                UART_AdvFeatureConfig
 .text.UART_CheckIdleState
                0x08003834      0x150 ./Drivers/STM32L4xx_HAL_Driver/Src/stm32l4xx_hal_uart.o
                0x08003834                UART_CheckIdleState
 .text.UART_WaitOnFlagUntilTimeout
                0x08003984       0xda ./Drivers/STM32L4xx_HAL_Driver/Src/stm32l4xx_hal_uart.o
                0x08003984                UART_WaitOnFlagUntilTimeout
 .text.UART_EndRxTransfer
                0x08003a5e       0xc8 ./Drivers/STM32L4xx_HAL_Driver/Src/stm32l4xx_hal_uart.o
 .text.memset   0x08003b26       0x10 C:/ST/STM32CubeIDE_1.19.0/STM32CubeIDE/plugins/com.st.stm32cube.ide.mcu.externaltools.gnu-tools-for-stm32.13.3.rel1.win32_1.0.0.202411081344/tools/bin/../lib/gcc/arm-none-eabi/13.3.1/../../../../arm-none-eabi/lib/thumb/v7e-m+fp/hard\libc_nano.a(libc_a-memset.o)
                0x08003b26                memset
 *fill*         0x08003b36        0x2 
 .text.__libc_init_array
                0x08003b38       0x48 C:/ST/STM32CubeIDE_1.19.0/STM32CubeIDE/plugins/com.st.stm32cube.ide.mcu.externaltools.gnu-tools-for-stm32.13.3.rel1.win32_1.0.0.202411081344/tools/bin/../lib/gcc/arm-none-eabi/13.3.1/../../../../arm-none-eabi/lib/thumb/v7e-m+fp/hard\libc_nano.a(libc_a-init.o)
                0x08003b38                __libc_init_array
 *(.glue_7)
 .glue_7        0x08003b80        0x0 linker stubs
 *(.glue_7t)
 .glue_7t       0x08003b80        0x0 linker stubs
 *(.eh_frame)
 .eh_frame      0x08003b80        0x0 C:/ST/STM32CubeIDE_1.19.0/STM32CubeIDE/plugins/com.st.stm32cube.ide.mcu.externaltools.gnu-tools-for-stm32.13.3.rel1.win32_1.0.0.202411081344/tools/bin/../lib/gcc/arm-none-eabi/13.3.1/thumb/v7e-m+fp/hard/crtbegin.o
 *(.init)
 .init          0x08003b80        0x4 C:/ST/STM32CubeIDE_1.19.0/STM32CubeIDE/plugins/com.st.stm32cube.ide.mcu.externaltools.gnu-tools-for-stm32.13.3.rel1.win32_1.0.0.202411081344/tools/bin/../lib/gcc/arm-none-eabi/13.3.1/thumb/v7e-m+fp/hard/crti.o
                0x08003b80                _init
 .init          0x08003b84        0x8 C:/ST/STM32CubeIDE_1.19.0/STM32CubeIDE/plugins/com.st.stm32cube.ide.mcu.externaltools.gnu-tools-for-stm32.13.3.rel1.win32_1.0.0.202411081344/tools/bin/../lib/gcc/arm-none-eabi/13.3.1/thumb/v7e-m+fp/hard/crtn.o
 *(.fini)
 .fini          0x08003b8c        0x4 C:/ST/STM32CubeIDE_1.19.0/STM32CubeIDE/plugins/com.st.stm32cube.ide.mcu.externaltools.gnu-tools-for-stm32.13.3.rel1.win32_1.0.0.202411081344/tools/bin/../lib/gcc/arm-none-eabi/13.3.1/thumb/v7e-m+fp/hard/crti.o
                0x08003b8c                _fini
 .fini          0x08003b90        0x8 C:/ST/STM32CubeIDE_1.19.0/STM32CubeIDE/plugins/com.st.stm32cube.ide.mcu.externaltools.gnu-tools-for-stm32.13.3.rel1.win32_1.0.0.202411081344/tools/bin/../lib/gcc/arm-none-eabi/13.3.1/thumb/v7e-m+fp/hard/crtn.o
                0x08003b98                        . = ALIGN (0x4)
                0x08003b98                        _etext = .

.vfp11_veneer   0x08003b98        0x0
 .vfp11_veneer  0x08003b98        0x0 linker stubs

.v4_bx          0x08003b98        0x0
 .v4_bx         0x08003b98        0x0 linker stubs

.iplt           0x08003b98        0x0
 .iplt          0x08003b98        0x0 C:/ST/STM32CubeIDE_1.19.0/STM32CubeIDE/plugins/com.st.stm32cube.ide.mcu.externaltools.gnu-tools-for-stm32.13.3.rel1.win32_1.0.0.202411081344/tools/bin/../lib/gcc/arm-none-eabi/13.3.1/thumb/v7e-m+fp/hard/crtbegin.o

.rodata         0x08003b98       0x48
                0x08003b98                        . = ALIGN (0x4)
 *(.rodata)
 *(.rodata*)
 .rodata.AHBPrescTable
                0x08003b98       0x10 ./Core/Src/system_stm32l4xx.o
                0x08003b98                AHBPrescTable
 .rodata.APBPrescTable
                0x08003ba8        0x8 ./Core/Src/system_stm32l4xx.o
                0x08003ba8                APBPrescTable
 .rodata.MSIRangeTable
                0x08003bb0       0x30 ./Core/Src/system_stm32l4xx.o
                0x08003bb0                MSIRangeTable
                0x08003be0                        . = ALIGN (0x4)

.ARM.extab      0x08003be0        0x0
                0x08003be0                        . = ALIGN (0x4)
 *(.ARM.extab* .gnu.linkonce.armextab.*)
                0x08003be0                        . = ALIGN (0x4)

.ARM            0x08003be0        0x8
                0x08003be0                        . = ALIGN (0x4)
                0x08003be0                        __exidx_start = .
 *(.ARM.exidx*)
 .ARM.exidx     0x08003be0        0x8 C:/ST/STM32CubeIDE_1.19.0/STM32CubeIDE/plugins/com.st.stm32cube.ide.mcu.externaltools.gnu-tools-for-stm32.13.3.rel1.win32_1.0.0.202411081344/tools/bin/../lib/gcc/arm-none-eabi/13.3.1/thumb/v7e-m+fp/hard\libgcc.a(_udivmoddi4.o)
                0x08003be8                        __exidx_end = .
                0x08003be8                        . = ALIGN (0x4)

.preinit_array  0x08003be8        0x0
                0x08003be8                        . = ALIGN (0x4)
                0x08003be8                        PROVIDE (__preinit_array_start = .)
 *(.preinit_array*)
                0x08003be8                        PROVIDE (__preinit_array_end = .)
                0x08003be8                        . = ALIGN (0x4)

.init_array     0x08003be8        0x4
                0x08003be8                        . = ALIGN (0x4)
                0x08003be8                        PROVIDE (__init_array_start = .)
 *(SORT_BY_NAME(.init_array.*))
 *(.init_array*)
 .init_array    0x08003be8        0x4 C:/ST/STM32CubeIDE_1.19.0/STM32CubeIDE/plugins/com.st.stm32cube.ide.mcu.externaltools.gnu-tools-for-stm32.13.3.rel1.win32_1.0.0.202411081344/tools/bin/../lib/gcc/arm-none-eabi/13.3.1/thumb/v7e-m+fp/hard/crtbegin.o
                0x08003bec                        PROVIDE (__init_array_end = .)
                0x08003bec                        . = ALIGN (0x4)

.fini_array     0x08003bec        0x4
                0x08003bec                        . = ALIGN (0x4)
                [!provide]                        PROVIDE (__fini_array_start = .)
 *(SORT_BY_NAME(.fini_array.*))
 *(.fini_array*)
 .fini_array    0x08003bec        0x4 C:/ST/STM32CubeIDE_1.19.0/STM32CubeIDE/plugins/com.st.stm32cube.ide.mcu.externaltools.gnu-tools-for-stm32.13.3.rel1.win32_1.0.0.202411081344/tools/bin/../lib/gcc/arm-none-eabi/13.3.1/thumb/v7e-m+fp/hard/crtbegin.o
                [!provide]                        PROVIDE (__fini_array_end = .)
                0x08003bf0                        . = ALIGN (0x4)
                0x08003bf0                        _sidata = LOADADDR (.data)

.rel.dyn        0x08003bf0        0x0
 .rel.iplt      0x08003bf0        0x0 C:/ST/STM32CubeIDE_1.19.0/STM32CubeIDE/plugins/com.st.stm32cube.ide.mcu.externaltools.gnu-tools-for-stm32.13.3.rel1.win32_1.0.0.202411081344/tools/bin/../lib/gcc/arm-none-eabi/13.3.1/thumb/v7e-m+fp/hard/crtbegin.o

.data           0x20000000       0x10 load address 0x08003bf0
                0x20000000                        . = ALIGN (0x4)
                0x20000000                        _sdata = .
 *(.data)
 *(.data*)
 .data.test     0x20000000        0x3 ./Core/Src/main.o
                0x20000000                test
 *fill*         0x20000003        0x1 
 .data.SystemCoreClock
                0x20000004        0x4 ./Core/Src/system_stm32l4xx.o
                0x20000004                SystemCoreClock
 .data.uwTickPrio
                0x20000008        0x4 ./Drivers/STM32L4xx_HAL_Driver/Src/stm32l4xx_hal.o
                0x20000008                uwTickPrio
 .data.uwTickFreq
                0x2000000c        0x1 ./Drivers/STM32L4xx_HAL_Driver/Src/stm32l4xx_hal.o
                0x2000000c                uwTickFreq
 *(.RamFunc)
 *(.RamFunc*)
                0x20000010                        . = ALIGN (0x4)
 *fill*         0x2000000d        0x3 
                0x20000010                        _edata = .

.igot.plt       0x20000010        0x0 load address 0x08003c00
 .igot.plt      0x20000010        0x0 C:/ST/STM32CubeIDE_1.19.0/STM32CubeIDE/plugins/com.st.stm32cube.ide.mcu.externaltools.gnu-tools-for-stm32.13.3.rel1.win32_1.0.0.202411081344/tools/bin/../lib/gcc/arm-none-eabi/13.3.1/thumb/v7e-m+fp/hard/crtbegin.o
                0x20000010                        . = ALIGN (0x4)

.bss            0x20000010      0x114 load address 0x08003c00
                0x20000010                        _sbss = .
                0x20000010                        __bss_start__ = _sbss
 *(.bss)
 .bss           0x20000010       0x1c C:/ST/STM32CubeIDE_1.19.0/STM32CubeIDE/plugins/com.st.stm32cube.ide.mcu.externaltools.gnu-tools-for-stm32.13.3.rel1.win32_1.0.0.202411081344/tools/bin/../lib/gcc/arm-none-eabi/13.3.1/thumb/v7e-m+fp/hard/crtbegin.o
 *(.bss*)
 .bss.PL1_switch_var
                0x2000002c        0x1 ./Core/Src/GPIOinputs.o
                0x2000002c                PL1_switch_var
 .bss.PL2_switch_var
                0x2000002d        0x1 ./Core/Src/GPIOinputs.o
                0x2000002d                PL2_switch_var
 .bss.TL1_Car_var
                0x2000002e        0x1 ./Core/Src/GPIOinputs.o
                0x2000002e                TL1_Car_var
 .bss.TL2_Car_var
                0x2000002f        0x1 ./Core/Src/GPIOinputs.o
                0x2000002f                TL2_Car_var
 .bss.TL3_Car_var
                0x20000030        0x1 ./Core/Src/GPIOinputs.o
                0x20000030                TL3_Car_var
 .bss.TL4_Car_var
                0x20000031        0x1 ./Core/Src/GPIOinputs.o
                0x20000031                TL4_Car_var
 *fill*         0x20000032        0x2 
 .bss.hspi3     0x20000034       0x64 ./Core/Src/main.o
                0x20000034                hspi3
 .bss.huart2    0x20000098       0x88 ./Core/Src/main.o
                0x20000098                huart2
 .bss.uwTick    0x20000120        0x4 ./Drivers/STM32L4xx_HAL_Driver/Src/stm32l4xx_hal.o
                0x20000120                uwTick
 *(COMMON)
                0x20000124                        . = ALIGN (0x4)
                0x20000124                        _ebss = .
                0x20000124                        __bss_end__ = _ebss

._user_heap_stack
                0x20000124      0x604 load address 0x08003c00
                0x20000128                        . = ALIGN (0x8)
 *fill*         0x20000124        0x4 
                [!provide]                        PROVIDE (end = .)
                0x20000128                        PROVIDE (_end = .)
                0x20000328                        . = (. + _Min_Heap_Size)
 *fill*         0x20000128      0x200 
                0x20000728                        . = (. + _Min_Stack_Size)
 *fill*         0x20000328      0x400 
                0x20000728                        . = ALIGN (0x8)

/DISCARD/
 libc.a(*)
 libm.a(*)
 libgcc.a(*)

.ARM.attributes
                0x00000000       0x30
 *(.ARM.attributes)
 .ARM.attributes
                0x00000000       0x22 C:/ST/STM32CubeIDE_1.19.0/STM32CubeIDE/plugins/com.st.stm32cube.ide.mcu.externaltools.gnu-tools-for-stm32.13.3.rel1.win32_1.0.0.202411081344/tools/bin/../lib/gcc/arm-none-eabi/13.3.1/thumb/v7e-m+fp/hard/crti.o
 .ARM.attributes
                0x00000022       0x34 C:/ST/STM32CubeIDE_1.19.0/STM32CubeIDE/plugins/com.st.stm32cube.ide.mcu.externaltools.gnu-tools-for-stm32.13.3.rel1.win32_1.0.0.202411081344/tools/bin/../lib/gcc/arm-none-eabi/13.3.1/thumb/v7e-m+fp/hard/crtbegin.o
 .ARM.attributes
                0x00000056       0x34 ./Core/Src/GPIOinputs.o
 .ARM.attributes
                0x0000008a       0x34 ./Core/Src/SPIhandler.o
 .ARM.attributes
                0x000000be       0x34 ./Core/Src/main.o
 .ARM.attributes
                0x000000f2       0x34 ./Core/Src/stm32l4xx_hal_msp.o
 .ARM.attributes
                0x00000126       0x34 ./Core/Src/stm32l4xx_it.o
 .ARM.attributes
                0x0000015a       0x34 ./Core/Src/system_stm32l4xx.o
 .ARM.attributes
                0x0000018e       0x21 ./Core/Startup/startup_stm32l476rgtx.o
 .ARM.attributes
                0x000001af       0x34 ./Drivers/STM32L4xx_HAL_Driver/Src/stm32l4xx_hal.o
 .ARM.attributes
                0x000001e3       0x34 ./Drivers/STM32L4xx_HAL_Driver/Src/stm32l4xx_hal_cortex.o
 .ARM.attributes
                0x00000217       0x34 ./Drivers/STM32L4xx_HAL_Driver/Src/stm32l4xx_hal_gpio.o
 .ARM.attributes
                0x0000024b       0x34 ./Drivers/STM32L4xx_HAL_Driver/Src/stm32l4xx_hal_pwr_ex.o
 .ARM.attributes
                0x0000027f       0x34 ./Drivers/STM32L4xx_HAL_Driver/Src/stm32l4xx_hal_rcc.o
 .ARM.attributes
                0x000002b3       0x34 ./Drivers/STM32L4xx_HAL_Driver/Src/stm32l4xx_hal_rcc_ex.o
 .ARM.attributes
                0x000002e7       0x34 ./Drivers/STM32L4xx_HAL_Driver/Src/stm32l4xx_hal_spi.o
 .ARM.attributes
                0x0000031b       0x34 ./Drivers/STM32L4xx_HAL_Driver/Src/stm32l4xx_hal_uart.o
 .ARM.attributes
                0x0000034f       0x34 C:/ST/STM32CubeIDE_1.19.0/STM32CubeIDE/plugins/com.st.stm32cube.ide.mcu.externaltools.gnu-tools-for-stm32.13.3.rel1.win32_1.0.0.202411081344/tools/bin/../lib/gcc/arm-none-eabi/13.3.1/../../../../arm-none-eabi/lib/thumb/v7e-m+fp/hard\libc_nano.a(libc_a-memset.o)
 .ARM.attributes
                0x00000383       0x34 C:/ST/STM32CubeIDE_1.19.0/STM32CubeIDE/plugins/com.st.stm32cube.ide.mcu.externaltools.gnu-tools-for-stm32.13.3.rel1.win32_1.0.0.202411081344/tools/bin/../lib/gcc/arm-none-eabi/13.3.1/../../../../arm-none-eabi/lib/thumb/v7e-m+fp/hard\libc_nano.a(libc_a-init.o)
 .ARM.attributes
                0x000003b7       0x22 C:/ST/STM32CubeIDE_1.19.0/STM32CubeIDE/plugins/com.st.stm32cube.ide.mcu.externaltools.gnu-tools-for-stm32.13.3.rel1.win32_1.0.0.202411081344/tools/bin/../lib/gcc/arm-none-eabi/13.3.1/thumb/v7e-m+fp/hard\libgcc.a(_aeabi_uldivmod.o)
 .ARM.attributes
                0x000003d9       0x34 C:/ST/STM32CubeIDE_1.19.0/STM32CubeIDE/plugins/com.st.stm32cube.ide.mcu.externaltools.gnu-tools-for-stm32.13.3.rel1.win32_1.0.0.202411081344/tools/bin/../lib/gcc/arm-none-eabi/13.3.1/thumb/v7e-m+fp/hard\libgcc.a(_udivmoddi4.o)
 .ARM.attributes
                0x0000040d       0x22 C:/ST/STM32CubeIDE_1.19.0/STM32CubeIDE/plugins/com.st.stm32cube.ide.mcu.externaltools.gnu-tools-for-stm32.13.3.rel1.win32_1.0.0.202411081344/tools/bin/../lib/gcc/arm-none-eabi/13.3.1/thumb/v7e-m+fp/hard\libgcc.a(_dvmd_tls.o)
 .ARM.attributes
                0x0000042f       0x22 C:/ST/STM32CubeIDE_1.19.0/STM32CubeIDE/plugins/com.st.stm32cube.ide.mcu.externaltools.gnu-tools-for-stm32.13.3.rel1.win32_1.0.0.202411081344/tools/bin/../lib/gcc/arm-none-eabi/13.3.1/thumb/v7e-m+fp/hard/crtn.o
OUTPUT(projectfinal.elf elf32-littlearm)
LOAD linker stubs
LOAD C:/ST/STM32CubeIDE_1.19.0/STM32CubeIDE/plugins/com.st.stm32cube.ide.mcu.externaltools.gnu-tools-for-stm32.13.3.rel1.win32_1.0.0.202411081344/tools/bin/../lib/gcc/arm-none-eabi/13.3.1/../../../../arm-none-eabi/lib/thumb/v7e-m+fp/hard\libc.a
LOAD C:/ST/STM32CubeIDE_1.19.0/STM32CubeIDE/plugins/com.st.stm32cube.ide.mcu.externaltools.gnu-tools-for-stm32.13.3.rel1.win32_1.0.0.202411081344/tools/bin/../lib/gcc/arm-none-eabi/13.3.1/../../../../arm-none-eabi/lib/thumb/v7e-m+fp/hard\libm.a
LOAD C:/ST/STM32CubeIDE_1.19.0/STM32CubeIDE/plugins/com.st.stm32cube.ide.mcu.externaltools.gnu-tools-for-stm32.13.3.rel1.win32_1.0.0.202411081344/tools/bin/../lib/gcc/arm-none-eabi/13.3.1/thumb/v7e-m+fp/hard\libgcc.a

.debug_info     0x00000000     0xcb64
 .debug_info    0x00000000      0x291 ./Core/Src/GPIOinputs.o
 .debug_info    0x00000291      0x73f ./Core/Src/SPIhandler.o
 .debug_info    0x000009d0     0x1296 ./Core/Src/main.o
 .debug_info    0x00001c66     0x103c ./Core/Src/stm32l4xx_hal_msp.o
 .debug_info    0x00002ca2      0x1b0 ./Core/Src/stm32l4xx_it.o
 .debug_info    0x00002e52      0x5e2 ./Core/Src/system_stm32l4xx.o
 .debug_info    0x00003434       0x30 ./Core/Startup/startup_stm32l476rgtx.o
 .debug_info    0x00003464      0xc4d ./Drivers/STM32L4xx_HAL_Driver/Src/stm32l4xx_hal.o
 .debug_info    0x000040b1      0xdad ./Drivers/STM32L4xx_HAL_Driver/Src/stm32l4xx_hal_cortex.o
 .debug_info    0x00004e5e      0x79f ./Drivers/STM32L4xx_HAL_Driver/Src/stm32l4xx_hal_gpio.o
 .debug_info    0x000055fd      0x9ca ./Drivers/STM32L4xx_HAL_Driver/Src/stm32l4xx_hal_pwr_ex.o
 .debug_info    0x00005fc7      0xc45 ./Drivers/STM32L4xx_HAL_Driver/Src/stm32l4xx_hal_rcc.o
 .debug_info    0x00006c0c      0xe58 ./Drivers/STM32L4xx_HAL_Driver/Src/stm32l4xx_hal_rcc_ex.o
 .debug_info    0x00007a64     0x1572 ./Drivers/STM32L4xx_HAL_Driver/Src/stm32l4xx_hal_spi.o
 .debug_info    0x00008fd6     0x3b8e ./Drivers/STM32L4xx_HAL_Driver/Src/stm32l4xx_hal_uart.o

.debug_abbrev   0x00000000     0x1d83
 .debug_abbrev  0x00000000      0x143 ./Core/Src/GPIOinputs.o
 .debug_abbrev  0x00000143      0x1c3 ./Core/Src/SPIhandler.o
 .debug_abbrev  0x00000306      0x287 ./Core/Src/main.o
 .debug_abbrev  0x0000058d      0x1d2 ./Core/Src/stm32l4xx_hal_msp.o
 .debug_abbrev  0x0000075f       0xca ./Core/Src/stm32l4xx_it.o
 .debug_abbrev  0x00000829      0x117 ./Core/Src/system_stm32l4xx.o
 .debug_abbrev  0x00000940       0x24 ./Core/Startup/startup_stm32l476rgtx.o
 .debug_abbrev  0x00000964      0x243 ./Drivers/STM32L4xx_HAL_Driver/Src/stm32l4xx_hal.o
 .debug_abbrev  0x00000ba7      0x31c ./Drivers/STM32L4xx_HAL_Driver/Src/stm32l4xx_hal_cortex.o
 .debug_abbrev  0x00000ec3      0x1d1 ./Drivers/STM32L4xx_HAL_Driver/Src/stm32l4xx_hal_gpio.o
 .debug_abbrev  0x00001094      0x1f9 ./Drivers/STM32L4xx_HAL_Driver/Src/stm32l4xx_hal_pwr_ex.o
 .debug_abbrev  0x0000128d      0x2dc ./Drivers/STM32L4xx_HAL_Driver/Src/stm32l4xx_hal_rcc.o
 .debug_abbrev  0x00001569      0x2a5 ./Drivers/STM32L4xx_HAL_Driver/Src/stm32l4xx_hal_rcc_ex.o
 .debug_abbrev  0x0000180e      0x282 ./Drivers/STM32L4xx_HAL_Driver/Src/stm32l4xx_hal_spi.o
 .debug_abbrev  0x00001a90      0x2f3 ./Drivers/STM32L4xx_HAL_Driver/Src/stm32l4xx_hal_uart.o

.debug_aranges  0x00000000      0xaf8
 .debug_aranges
                0x00000000       0x20 ./Core/Src/GPIOinputs.o
 .debug_aranges
                0x00000020       0x28 ./Core/Src/SPIhandler.o
 .debug_aranges
                0x00000048       0x48 ./Core/Src/main.o
 .debug_aranges
                0x00000090       0x40 ./Core/Src/stm32l4xx_hal_msp.o
 .debug_aranges
                0x000000d0       0x78 ./Core/Src/stm32l4xx_it.o
 .debug_aranges
                0x00000148       0x28 ./Core/Src/system_stm32l4xx.o
 .debug_aranges
                0x00000170       0x28 ./Core/Startup/startup_stm32l476rgtx.o
 .debug_aranges
                0x00000198      0x130 ./Drivers/STM32L4xx_HAL_Driver/Src/stm32l4xx_hal.o
 .debug_aranges
                0x000002c8      0x128 ./Drivers/STM32L4xx_HAL_Driver/Src/stm32l4xx_hal_cortex.o
 .debug_aranges
                0x000003f0       0x58 ./Drivers/STM32L4xx_HAL_Driver/Src/stm32l4xx_hal_gpio.o
 .debug_aranges
                0x00000448      0x160 ./Drivers/STM32L4xx_HAL_Driver/Src/stm32l4xx_hal_pwr_ex.o
 .debug_aranges
                0x000005a8       0x90 ./Drivers/STM32L4xx_HAL_Driver/Src/stm32l4xx_hal_rcc.o
 .debug_aranges
                0x00000638       0xc0 ./Drivers/STM32L4xx_HAL_Driver/Src/stm32l4xx_hal_rcc_ex.o
 .debug_aranges
                0x000006f8      0x1d8 ./Drivers/STM32L4xx_HAL_Driver/Src/stm32l4xx_hal_spi.o
 .debug_aranges
                0x000008d0      0x228 ./Drivers/STM32L4xx_HAL_Driver/Src/stm32l4xx_hal_uart.o

.debug_rnglists
                0x00000000      0x86a
 .debug_rnglists
                0x00000000       0x14 ./Core/Src/GPIOinputs.o
 .debug_rnglists
                0x00000014       0x19 ./Core/Src/SPIhandler.o
 .debug_rnglists
                0x0000002d       0x33 ./Core/Src/main.o
 .debug_rnglists
                0x00000060       0x2d ./Core/Src/stm32l4xx_hal_msp.o
 .debug_rnglists
                0x0000008d       0x55 ./Core/Src/stm32l4xx_it.o
 .debug_rnglists
                0x000000e2       0x1a ./Core/Src/system_stm32l4xx.o
 .debug_rnglists
                0x000000fc       0x19 ./Core/Startup/startup_stm32l476rgtx.o
 .debug_rnglists
                0x00000115       0xdf ./Drivers/STM32L4xx_HAL_Driver/Src/stm32l4xx_hal.o
 .debug_rnglists
                0x000001f4       0xda ./Drivers/STM32L4xx_HAL_Driver/Src/stm32l4xx_hal_cortex.o
 .debug_rnglists
                0x000002ce       0x3f ./Drivers/STM32L4xx_HAL_Driver/Src/stm32l4xx_hal_gpio.o
 .debug_rnglists
                0x0000030d      0x109 ./Drivers/STM32L4xx_HAL_Driver/Src/stm32l4xx_hal_pwr_ex.o
 .debug_rnglists
                0x00000416       0x6d ./Drivers/STM32L4xx_HAL_Driver/Src/stm32l4xx_hal_rcc.o
 .debug_rnglists
                0x00000483       0x95 ./Drivers/STM32L4xx_HAL_Driver/Src/stm32l4xx_hal_rcc_ex.o
 .debug_rnglists
                0x00000518      0x178 ./Drivers/STM32L4xx_HAL_Driver/Src/stm32l4xx_hal_spi.o
 .debug_rnglists
                0x00000690      0x1da ./Drivers/STM32L4xx_HAL_Driver/Src/stm32l4xx_hal_uart.o

.debug_macro    0x00000000    0x2649e
 .debug_macro   0x00000000      0x1e9 ./Core/Src/GPIOinputs.o
 .debug_macro   0x000001e9      0xad8 ./Core/Src/GPIOinputs.o
 .debug_macro   0x00000cc1       0x22 ./Core/Src/GPIOinputs.o
 .debug_macro   0x00000ce3       0x8e ./Core/Src/GPIOinputs.o
 .debug_macro   0x00000d71       0x51 ./Core/Src/GPIOinputs.o
 .debug_macro   0x00000dc2      0x103 ./Core/Src/GPIOinputs.o
 .debug_macro   0x00000ec5       0x6a ./Core/Src/GPIOinputs.o
 .debug_macro   0x00000f2f      0x1df ./Core/Src/GPIOinputs.o
 .debug_macro   0x0000110e      0x1a7 ./Core/Src/GPIOinputs.o
 .debug_macro   0x000012b5       0x2e ./Core/Src/GPIOinputs.o
 .debug_macro   0x000012e3       0x28 ./Core/Src/GPIOinputs.o
 .debug_macro   0x0000130b       0x1c ./Core/Src/GPIOinputs.o
 .debug_macro   0x00001327       0x22 ./Core/Src/GPIOinputs.o
 .debug_macro   0x00001349       0xfb ./Core/Src/GPIOinputs.o
 .debug_macro   0x00001444     0x1011 ./Core/Src/GPIOinputs.o
 .debug_macro   0x00002455      0x11f ./Core/Src/GPIOinputs.o
 .debug_macro   0x00002574    0x1a192 ./Core/Src/GPIOinputs.o
 .debug_macro   0x0001c706       0x6d ./Core/Src/GPIOinputs.o
 .debug_macro   0x0001c773     0x38fb ./Core/Src/GPIOinputs.o
 .debug_macro   0x0002006e      0x190 ./Core/Src/GPIOinputs.o
 .debug_macro   0x000201fe       0x5c ./Core/Src/GPIOinputs.o
 .debug_macro   0x0002025a     0x159e ./Core/Src/GPIOinputs.o
 .debug_macro   0x000217f8      0x5a5 ./Core/Src/GPIOinputs.o
 .debug_macro   0x00021d9d      0x1b9 ./Core/Src/GPIOinputs.o
 .debug_macro   0x00021f56      0x18b ./Core/Src/GPIOinputs.o
 .debug_macro   0x000220e1      0x2c4 ./Core/Src/GPIOinputs.o
 .debug_macro   0x000223a5      0x27a ./Core/Src/GPIOinputs.o
 .debug_macro   0x0002261f      0x23d ./Core/Src/GPIOinputs.o
 .debug_macro   0x0002285c      0x241 ./Core/Src/GPIOinputs.o
 .debug_macro   0x00022a9d      0x37c ./Core/Src/GPIOinputs.o
 .debug_macro   0x00022e19       0xd6 ./Core/Src/GPIOinputs.o
 .debug_macro   0x00022eef      0x122 ./Core/Src/GPIOinputs.o
 .debug_macro   0x00023011      0x3ef ./Core/Src/GPIOinputs.o
 .debug_macro   0x00023400      0x2fe ./Core/Src/GPIOinputs.o
 .debug_macro   0x000236fe      0x5cf ./Core/Src/GPIOinputs.o
 .debug_macro   0x00023ccd       0x44 ./Core/Src/GPIOinputs.o
 .debug_macro   0x00023d11      0x330 ./Core/Src/GPIOinputs.o
 .debug_macro   0x00024041       0xf4 ./Core/Src/GPIOinputs.o
 .debug_macro   0x00024135      0x1df ./Core/Src/SPIhandler.o
 .debug_macro   0x00024314      0x2dd ./Core/Src/main.o
 .debug_macro   0x000245f1       0x61 ./Core/Src/main.o
 .debug_macro   0x00024652       0x2a ./Core/Src/main.o
 .debug_macro   0x0002467c       0x43 ./Core/Src/main.o
 .debug_macro   0x000246bf       0x34 ./Core/Src/main.o
 .debug_macro   0x000246f3       0x16 ./Core/Src/main.o
 .debug_macro   0x00024709       0x3c ./Core/Src/main.o
 .debug_macro   0x00024745      0x370 ./Core/Src/main.o
 .debug_macro   0x00024ab5       0x10 ./Core/Src/main.o
 .debug_macro   0x00024ac5       0x16 ./Core/Src/main.o
 .debug_macro   0x00024adb       0x4a ./Core/Src/main.o
 .debug_macro   0x00024b25       0x34 ./Core/Src/main.o
 .debug_macro   0x00024b59       0x10 ./Core/Src/main.o
 .debug_macro   0x00024b69       0x58 ./Core/Src/main.o
 .debug_macro   0x00024bc1       0x8e ./Core/Src/main.o
 .debug_macro   0x00024c4f       0x1c ./Core/Src/main.o
 .debug_macro   0x00024c6b      0x185 ./Core/Src/main.o
 .debug_macro   0x00024df0       0x16 ./Core/Src/main.o
 .debug_macro   0x00024e06       0x16 ./Core/Src/main.o
 .debug_macro   0x00024e1c      0x146 ./Core/Src/main.o
 .debug_macro   0x00024f62      0x1df ./Core/Src/stm32l4xx_hal_msp.o
 .debug_macro   0x00025141      0x1e9 ./Core/Src/stm32l4xx_it.o
 .debug_macro   0x0002532a      0x1d0 ./Core/Src/system_stm32l4xx.o
 .debug_macro   0x000254fa      0x21e ./Drivers/STM32L4xx_HAL_Driver/Src/stm32l4xx_hal.o
 .debug_macro   0x00025718      0x1d0 ./Drivers/STM32L4xx_HAL_Driver/Src/stm32l4xx_hal_cortex.o
 .debug_macro   0x000258e8      0x1d7 ./Drivers/STM32L4xx_HAL_Driver/Src/stm32l4xx_hal_gpio.o
 .debug_macro   0x00025abf      0x1f4 ./Drivers/STM32L4xx_HAL_Driver/Src/stm32l4xx_hal_pwr_ex.o
 .debug_macro   0x00025cb3      0x212 ./Drivers/STM32L4xx_HAL_Driver/Src/stm32l4xx_hal_rcc.o
 .debug_macro   0x00025ec5      0x206 ./Drivers/STM32L4xx_HAL_Driver/Src/stm32l4xx_hal_rcc_ex.o
 .debug_macro   0x000260cb      0x1d8 ./Drivers/STM32L4xx_HAL_Driver/Src/stm32l4xx_hal_spi.o
 .debug_macro   0x000262a3      0x1fb ./Drivers/STM32L4xx_HAL_Driver/Src/stm32l4xx_hal_uart.o

.debug_line     0x00000000     0xd812
 .debug_line    0x00000000      0x7d3 ./Core/Src/GPIOinputs.o
 .debug_line    0x000007d3      0x770 ./Core/Src/SPIhandler.o
 .debug_line    0x00000f43      0xa6f ./Core/Src/main.o
 .debug_line    0x000019b2      0x81f ./Core/Src/stm32l4xx_hal_msp.o
 .debug_line    0x000021d1      0x857 ./Core/Src/stm32l4xx_it.o
 .debug_line    0x00002a28      0x7fb ./Core/Src/system_stm32l4xx.o
 .debug_line    0x00003223       0x7a ./Core/Startup/startup_stm32l476rgtx.o
 .debug_line    0x0000329d      0xb64 ./Drivers/STM32L4xx_HAL_Driver/Src/stm32l4xx_hal.o
 .debug_line    0x00003e01      0xcfe ./Drivers/STM32L4xx_HAL_Driver/Src/stm32l4xx_hal_cortex.o
 .debug_line    0x00004aff      0xbb7 ./Drivers/STM32L4xx_HAL_Driver/Src/stm32l4xx_hal_gpio.o
 .debug_line    0x000056b6      0xd45 ./Drivers/STM32L4xx_HAL_Driver/Src/stm32l4xx_hal_pwr_ex.o
 .debug_line    0x000063fb     0x10b8 ./Drivers/STM32L4xx_HAL_Driver/Src/stm32l4xx_hal_rcc.o
 .debug_line    0x000074b3     0x1586 ./Drivers/STM32L4xx_HAL_Driver/Src/stm32l4xx_hal_rcc_ex.o
 .debug_line    0x00008a39     0x2043 ./Drivers/STM32L4xx_HAL_Driver/Src/stm32l4xx_hal_spi.o
 .debug_line    0x0000aa7c     0x2d96 ./Drivers/STM32L4xx_HAL_Driver/Src/stm32l4xx_hal_uart.o

.debug_str      0x00000000    0xeb544
 .debug_str     0x00000000    0xeb544 ./Core/Src/GPIOinputs.o
                              0xe4809 (size before relaxing)
 .debug_str     0x000eb544    0xe4bc2 ./Core/Src/SPIhandler.o
 .debug_str     0x000eb544    0xe8e04 ./Core/Src/main.o
 .debug_str     0x000eb544    0xe51dc ./Core/Src/stm32l4xx_hal_msp.o
 .debug_str     0x000eb544    0xe4804 ./Core/Src/stm32l4xx_it.o
 .debug_str     0x000eb544    0xe4527 ./Core/Src/system_stm32l4xx.o
 .debug_str     0x000eb544       0x84 ./Core/Startup/startup_stm32l476rgtx.o
 .debug_str     0x000eb544    0xe513b ./Drivers/STM32L4xx_HAL_Driver/Src/stm32l4xx_hal.o
 .debug_str     0x000eb544    0xe4da0 ./Drivers/STM32L4xx_HAL_Driver/Src/stm32l4xx_hal_cortex.o
 .debug_str     0x000eb544    0xe46b2 ./Drivers/STM32L4xx_HAL_Driver/Src/stm32l4xx_hal_gpio.o
 .debug_str     0x000eb544    0xe4a82 ./Drivers/STM32L4xx_HAL_Driver/Src/stm32l4xx_hal_pwr_ex.o
 .debug_str     0x000eb544    0xe4b6d ./Drivers/STM32L4xx_HAL_Driver/Src/stm32l4xx_hal_rcc.o
 .debug_str     0x000eb544    0xe4cf8 ./Drivers/STM32L4xx_HAL_Driver/Src/stm32l4xx_hal_rcc_ex.o
 .debug_str     0x000eb544    0xe4d42 ./Drivers/STM32L4xx_HAL_Driver/Src/stm32l4xx_hal_spi.o
 .debug_str     0x000eb544    0xe527f ./Drivers/STM32L4xx_HAL_Driver/Src/stm32l4xx_hal_uart.o

.comment        0x00000000       0x43
 .comment       0x00000000       0x43 ./Core/Src/GPIOinputs.o
                                 0x44 (size before relaxing)
 .comment       0x00000043       0x44 ./Core/Src/SPIhandler.o
 .comment       0x00000043       0x44 ./Core/Src/main.o
 .comment       0x00000043       0x44 ./Core/Src/stm32l4xx_hal_msp.o
 .comment       0x00000043       0x44 ./Core/Src/stm32l4xx_it.o
 .comment       0x00000043       0x44 ./Core/Src/system_stm32l4xx.o
 .comment       0x00000043       0x44 ./Drivers/STM32L4xx_HAL_Driver/Src/stm32l4xx_hal.o
 .comment       0x00000043       0x44 ./Drivers/STM32L4xx_HAL_Driver/Src/stm32l4xx_hal_cortex.o
 .comment       0x00000043       0x44 ./Drivers/STM32L4xx_HAL_Driver/Src/stm32l4xx_hal_gpio.o
 .comment       0x00000043       0x44 ./Drivers/STM32L4xx_HAL_Driver/Src/stm32l4xx_hal_pwr_ex.o
 .comment       0x00000043       0x44 ./Drivers/STM32L4xx_HAL_Driver/Src/stm32l4xx_hal_rcc.o
 .comment       0x00000043       0x44 ./Drivers/STM32L4xx_HAL_Driver/Src/stm32l4xx_hal_rcc_ex.o
 .comment       0x00000043       0x44 ./Drivers/STM32L4xx_HAL_Driver/Src/stm32l4xx_hal_spi.o
 .comment       0x00000043       0x44 ./Drivers/STM32L4xx_HAL_Driver/Src/stm32l4xx_hal_uart.o

.debug_frame    0x00000000     0x2c2c
 .debug_frame   0x00000000       0x34 ./Core/Src/GPIOinputs.o
 .debug_frame   0x00000034       0x50 ./Core/Src/SPIhandler.o
 .debug_frame   0x00000084       0xc4 ./Core/Src/main.o
 .debug_frame   0x00000148       0xcc ./Core/Src/stm32l4xx_hal_msp.o
 .debug_frame   0x00000214      0x158 ./Core/Src/stm32l4xx_it.o
 .debug_frame   0x0000036c       0x58 ./Core/Src/system_stm32l4xx.o
 .debug_frame   0x000003c4      0x498 ./Drivers/STM32L4xx_HAL_Driver/Src/stm32l4xx_hal.o
 .debug_frame   0x0000085c      0x4e8 ./Drivers/STM32L4xx_HAL_Driver/Src/stm32l4xx_hal_cortex.o
 .debug_frame   0x00000d44      0x14c ./Drivers/STM32L4xx_HAL_Driver/Src/stm32l4xx_hal_gpio.o
 .debug_frame   0x00000e90      0x584 ./Drivers/STM32L4xx_HAL_Driver/Src/stm32l4xx_hal_pwr_ex.o
 .debug_frame   0x00001414      0x21c ./Drivers/STM32L4xx_HAL_Driver/Src/stm32l4xx_hal_rcc.o
 .debug_frame   0x00001630      0x2fc ./Drivers/STM32L4xx_HAL_Driver/Src/stm32l4xx_hal_rcc_ex.o
 .debug_frame   0x0000192c      0x860 ./Drivers/STM32L4xx_HAL_Driver/Src/stm32l4xx_hal_spi.o
 .debug_frame   0x0000218c      0x9f4 ./Drivers/STM32L4xx_HAL_Driver/Src/stm32l4xx_hal_uart.o
 .debug_frame   0x00002b80       0x20 C:/ST/STM32CubeIDE_1.19.0/STM32CubeIDE/plugins/com.st.stm32cube.ide.mcu.externaltools.gnu-tools-for-stm32.13.3.rel1.win32_1.0.0.202411081344/tools/bin/../lib/gcc/arm-none-eabi/13.3.1/../../../../arm-none-eabi/lib/thumb/v7e-m+fp/hard\libc_nano.a(libc_a-memset.o)
 .debug_frame   0x00002ba0       0x2c C:/ST/STM32CubeIDE_1.19.0/STM32CubeIDE/plugins/com.st.stm32cube.ide.mcu.externaltools.gnu-tools-for-stm32.13.3.rel1.win32_1.0.0.202411081344/tools/bin/../lib/gcc/arm-none-eabi/13.3.1/../../../../arm-none-eabi/lib/thumb/v7e-m+fp/hard\libc_nano.a(libc_a-init.o)
 .debug_frame   0x00002bcc       0x2c C:/ST/STM32CubeIDE_1.19.0/STM32CubeIDE/plugins/com.st.stm32cube.ide.mcu.externaltools.gnu-tools-for-stm32.13.3.rel1.win32_1.0.0.202411081344/tools/bin/../lib/gcc/arm-none-eabi/13.3.1/thumb/v7e-m+fp/hard\libgcc.a(_aeabi_uldivmod.o)
 .debug_frame   0x00002bf8       0x34 C:/ST/STM32CubeIDE_1.19.0/STM32CubeIDE/plugins/com.st.stm32cube.ide.mcu.externaltools.gnu-tools-for-stm32.13.3.rel1.win32_1.0.0.202411081344/tools/bin/../lib/gcc/arm-none-eabi/13.3.1/thumb/v7e-m+fp/hard\libgcc.a(_udivmoddi4.o)

.debug_line_str
                0x00000000       0x68
 .debug_line_str
                0x00000000       0x68 ./Core/Startup/startup_stm32l476rgtx.o
