../Core/Src/freertos.c:179:6:MX_FREERTOS_Init	8	static
../Core/Src/freertos.c:264:6:StartDefaultTask	16	static
../Core/Src/freertos.c:285:6:StartVertialTask	32	static
../Core/Src/freertos.c:466:6:StartHorizontalTask	32	static
../Core/Src/freertos.c:648:6:StartActuatorTask	24	static
../Core/Src/freertos.c:676:6:GreenDone	16	static
../Core/Src/freertos.c:685:6:V_OrangeDone	16	static
../Core/Src/freertos.c:693:6:RedMaxDone	16	static
../Core/Src/freertos.c:703:6:WalkingDone	16	static
../Core/Src/freertos.c:712:6:PedestrianDone	16	static
../Core/Src/freertos.c:722:6:ToggleTimerCallback	24	static
../Core/Src/freertos.c:731:6:H_OrangeDone	16	static
../Core/Src/freertos.c:741:9:IsActive	16	static
../Core/Src/freertos.c:748:6:Restbutton	4	static
