../Core/Src/freertos.c:180:6:MX_FREERTOS_Init	8	static
../Core/Src/freertos.c:265:6:StartDefaultTask	16	static
../Core/Src/freertos.c:286:6:StartVertialTask	32	static
../Core/Src/freertos.c:487:6:StartHorizontalTask	32	static
../Core/Src/freertos.c:687:6:StartActuatorTask	24	static
../Core/Src/freertos.c:715:6:GreenDone	16	static
../Core/Src/freertos.c:724:6:V_OrangeDone	16	static
../Core/Src/freertos.c:732:6:RedMaxDone	16	static
../Core/Src/freertos.c:742:6:WalkingDone	16	static
../Core/Src/freertos.c:751:6:PedestrianDone	16	static
../Core/Src/freertos.c:761:6:ToggleTimerCallback	24	static
../Core/Src/freertos.c:770:6:H_OrangeDone	16	static
../Core/Src/freertos.c:780:9:IsActive	16	static
../Core/Src/freertos.c:787:6:Restbutton	4	static
